Archive member included to satisfy reference by file (symbol)

C:/ST/STM32CubeIDE_1.15.0/STM32CubeIDE/plugins/com.st.stm32cube.ide.mcu.externaltools.gnu-tools-for-stm32.12.3.rel1.win32_1.0.100.202403111256/tools/bin/../lib/gcc/arm-none-eabi/12.3.1/../../../../arm-none-eabi/lib/thumb/v7e-m+fp/hard\libc_nano.a(libc_a-assert.o)
                              ./Middlewares/Third_Party/OpenAMP/device.o (__assert_func)
C:/ST/STM32CubeIDE_1.15.0/STM32CubeIDE/plugins/com.st.stm32cube.ide.mcu.externaltools.gnu-tools-for-stm32.12.3.rel1.win32_1.0.100.202403111256/tools/bin/../lib/gcc/arm-none-eabi/12.3.1/../../../../arm-none-eabi/lib/thumb/v7e-m+fp/hard\libc_nano.a(libc_a-exit.o)
                              C:/ST/STM32CubeIDE_1.15.0/STM32CubeIDE/plugins/com.st.stm32cube.ide.mcu.externaltools.gnu-tools-for-stm32.12.3.rel1.win32_1.0.100.202403111256/tools/bin/../lib/gcc/arm-none-eabi/12.3.1/../../../../arm-none-eabi/lib/thumb/v7e-m+fp/hard/crt0.o (exit)
C:/ST/STM32CubeIDE_1.15.0/STM32CubeIDE/plugins/com.st.stm32cube.ide.mcu.externaltools.gnu-tools-for-stm32.12.3.rel1.win32_1.0.100.202403111256/tools/bin/../lib/gcc/arm-none-eabi/12.3.1/../../../../arm-none-eabi/lib/thumb/v7e-m+fp/hard\libc_nano.a(libc_a-findfp.o)
                              C:/ST/STM32CubeIDE_1.15.0/STM32CubeIDE/plugins/com.st.stm32cube.ide.mcu.externaltools.gnu-tools-for-stm32.12.3.rel1.win32_1.0.100.202403111256/tools/bin/../lib/gcc/arm-none-eabi/12.3.1/../../../../arm-none-eabi/lib/thumb/v7e-m+fp/hard\libc_nano.a(libc_a-exit.o) (__stdio_exit_handler)
C:/ST/STM32CubeIDE_1.15.0/STM32CubeIDE/plugins/com.st.stm32cube.ide.mcu.externaltools.gnu-tools-for-stm32.12.3.rel1.win32_1.0.100.202403111256/tools/bin/../lib/gcc/arm-none-eabi/12.3.1/../../../../arm-none-eabi/lib/thumb/v7e-m+fp/hard\libc_nano.a(libc_a-fprintf.o)
                              C:/ST/STM32CubeIDE_1.15.0/STM32CubeIDE/plugins/com.st.stm32cube.ide.mcu.externaltools.gnu-tools-for-stm32.12.3.rel1.win32_1.0.100.202403111256/tools/bin/../lib/gcc/arm-none-eabi/12.3.1/../../../../arm-none-eabi/lib/thumb/v7e-m+fp/hard\libc_nano.a(libc_a-assert.o) (fiprintf)
C:/ST/STM32CubeIDE_1.15.0/STM32CubeIDE/plugins/com.st.stm32cube.ide.mcu.externaltools.gnu-tools-for-stm32.12.3.rel1.win32_1.0.100.202403111256/tools/bin/../lib/gcc/arm-none-eabi/12.3.1/../../../../arm-none-eabi/lib/thumb/v7e-m+fp/hard\libc_nano.a(libc_a-fwalk.o)
                              C:/ST/STM32CubeIDE_1.15.0/STM32CubeIDE/plugins/com.st.stm32cube.ide.mcu.externaltools.gnu-tools-for-stm32.12.3.rel1.win32_1.0.100.202403111256/tools/bin/../lib/gcc/arm-none-eabi/12.3.1/../../../../arm-none-eabi/lib/thumb/v7e-m+fp/hard\libc_nano.a(libc_a-findfp.o) (_fwalk_sglue)
C:/ST/STM32CubeIDE_1.15.0/STM32CubeIDE/plugins/com.st.stm32cube.ide.mcu.externaltools.gnu-tools-for-stm32.12.3.rel1.win32_1.0.100.202403111256/tools/bin/../lib/gcc/arm-none-eabi/12.3.1/../../../../arm-none-eabi/lib/thumb/v7e-m+fp/hard\libc_nano.a(libc_a-stdio.o)
                              C:/ST/STM32CubeIDE_1.15.0/STM32CubeIDE/plugins/com.st.stm32cube.ide.mcu.externaltools.gnu-tools-for-stm32.12.3.rel1.win32_1.0.100.202403111256/tools/bin/../lib/gcc/arm-none-eabi/12.3.1/../../../../arm-none-eabi/lib/thumb/v7e-m+fp/hard\libc_nano.a(libc_a-findfp.o) (__sread)
C:/ST/STM32CubeIDE_1.15.0/STM32CubeIDE/plugins/com.st.stm32cube.ide.mcu.externaltools.gnu-tools-for-stm32.12.3.rel1.win32_1.0.100.202403111256/tools/bin/../lib/gcc/arm-none-eabi/12.3.1/../../../../arm-none-eabi/lib/thumb/v7e-m+fp/hard\libc_nano.a(libc_a-memset.o)
                              C:/ST/STM32CubeIDE_1.15.0/STM32CubeIDE/plugins/com.st.stm32cube.ide.mcu.externaltools.gnu-tools-for-stm32.12.3.rel1.win32_1.0.100.202403111256/tools/bin/../lib/gcc/arm-none-eabi/12.3.1/../../../../arm-none-eabi/lib/thumb/v7e-m+fp/hard/crt0.o (memset)
C:/ST/STM32CubeIDE_1.15.0/STM32CubeIDE/plugins/com.st.stm32cube.ide.mcu.externaltools.gnu-tools-for-stm32.12.3.rel1.win32_1.0.100.202403111256/tools/bin/../lib/gcc/arm-none-eabi/12.3.1/../../../../arm-none-eabi/lib/thumb/v7e-m+fp/hard\libc_nano.a(libc_a-strncmp.o)
                              ./Middlewares/Third_Party/OpenAMP/rpmsg.o (strncmp)
C:/ST/STM32CubeIDE_1.15.0/STM32CubeIDE/plugins/com.st.stm32cube.ide.mcu.externaltools.gnu-tools-for-stm32.12.3.rel1.win32_1.0.100.202403111256/tools/bin/../lib/gcc/arm-none-eabi/12.3.1/../../../../arm-none-eabi/lib/thumb/v7e-m+fp/hard\libc_nano.a(libc_a-strncpy.o)
                              ./Middlewares/Third_Party/OpenAMP/rpmsg.o (strncpy)
C:/ST/STM32CubeIDE_1.15.0/STM32CubeIDE/plugins/com.st.stm32cube.ide.mcu.externaltools.gnu-tools-for-stm32.12.3.rel1.win32_1.0.100.202403111256/tools/bin/../lib/gcc/arm-none-eabi/12.3.1/../../../../arm-none-eabi/lib/thumb/v7e-m+fp/hard\libc_nano.a(libc_a-closer.o)
[...]
Memory Configuration

Name             Origin             Length             Attributes
RETRAM_interrupts 0x00000000         0x00000600         xrw
SRAM1_text       0x10000000         0x00020000         xrw
SRAM2_data       0x10020000         0x00020000         xrw
SRAM3_ipc_shm    0x10040000         0x00010000         xrw
SRAM4            0x10050000         0x00010000         xrw
*default*        0x00000000         0xffffffff

Linker script and memory map

LOAD C:/ST/STM32CubeIDE_1.15.0/STM32CubeIDE/plugins/com.st.stm32cube.ide.mcu.externaltools.gnu-tools-for-stm32.12.3.rel1.win32_1.0.100.202403111256/tools/bin/../lib/gcc/arm-none-eabi/12.3.1/thumb/v7e-m+fp/hard/crti.o
LOAD C:/ST/STM32CubeIDE_1.15.0/STM32CubeIDE/plugins/com.st.stm32cube.ide.mcu.externaltools.gnu-tools-for-stm32.12.3.rel1.win32_1.0.100.202403111256/tools/bin/../lib/gcc/arm-none-eabi/12.3.1/thumb/v7e-m+fp/hard/crtbegin.o
LOAD C:/ST/STM32CubeIDE_1.15.0/STM32CubeIDE/plugins/com.st.stm32cube.ide.mcu.externaltools.gnu-tools-for-stm32.12.3.rel1.win32_1.0.100.202403111256/tools/bin/../lib/gcc/arm-none-eabi/12.3.1/../../../../arm-none-eabi/lib/thumb/v7e-m+fp/hard/crt0.o
LOAD ./Common/System/system_stm32mp1xx.o
LOAD ./Core/Src/app_freertos.o
LOAD ./Core/Src/main.o
LOAD ./Core/Src/stm32mp1xx_hal_msp.o
LOAD ./Core/Src/stm32mp1xx_it.o
LOAD ./Core/Src/syscalls.o
LOAD ./Core/Src/sysmem.o
LOAD ./Core/Startup/startup_stm32mp157facx.o
LOAD ./Drivers/STM32MP1xx_HAL_Driver/stm32mp1xx_hal.o
LOAD ./Drivers/STM32MP1xx_HAL_Driver/stm32mp1xx_hal_cortex.o
LOAD ./Drivers/STM32MP1xx_HAL_Driver/stm32mp1xx_hal_dma.o
LOAD ./Drivers/STM32MP1xx_HAL_Driver/stm32mp1xx_hal_dma_ex.o
LOAD ./Drivers/STM32MP1xx_HAL_Driver/stm32mp1xx_hal_exti.o
LOAD ./Drivers/STM32MP1xx_HAL_Driver/stm32mp1xx_hal_gpio.o
LOAD ./Drivers/STM32MP1xx_HAL_Driver/stm32mp1xx_hal_hsem.o
LOAD ./Drivers/STM32MP1xx_HAL_Driver/stm32mp1xx_hal_ipcc.o
LOAD ./Drivers/STM32MP1xx_HAL_Driver/stm32mp1xx_hal_mdma.o
LOAD ./Drivers/STM32MP1xx_HAL_Driver/stm32mp1xx_hal_pwr.o
LOAD ./Drivers/STM32MP1xx_HAL_Driver/stm32mp1xx_hal_pwr_ex.o
LOAD ./Drivers/STM32MP1xx_HAL_Driver/stm32mp1xx_hal_rcc.o
LOAD ./Drivers/STM32MP1xx_HAL_Driver/stm32mp1xx_hal_rcc_ex.o
LOAD ./Drivers/STM32MP1xx_HAL_Driver/stm32mp1xx_hal_tim.o
LOAD ./Drivers/STM32MP1xx_HAL_Driver/stm32mp1xx_hal_tim_ex.o
LOAD ./Middlewares/Third_Party/FreeRTOS/cmsis_os2.o
LOAD ./Middlewares/Third_Party/FreeRTOS/croutine.o
LOAD ./Middlewares/Third_Party/FreeRTOS/event_groups.o
LOAD ./Middlewares/Third_Party/FreeRTOS/heap_4.o
LOAD ./Middlewares/Third_Party/FreeRTOS/list.o
LOAD ./Middlewares/Third_Party/FreeRTOS/port.o
LOAD ./Middlewares/Third_Party/FreeRTOS/queue.o
LOAD ./Middlewares/Third_Party/FreeRTOS/stream_buffer.o
LOAD ./Middlewares/Third_Party/FreeRTOS/tasks.o
LOAD ./Middlewares/Third_Party/FreeRTOS/timers.o
LOAD ./Middlewares/Third_Party/OpenAMP/condition.o
LOAD ./Middlewares/Third_Party/OpenAMP/device.o
LOAD ./Middlewares/Third_Party/OpenAMP/freertos_device.o
LOAD ./Middlewares/Third_Party/OpenAMP/freertos_init.o
LOAD ./Middlewares/Third_Party/OpenAMP/freertos_io.o
LOAD ./Middlewares/Third_Party/OpenAMP/freertos_shmem.o
LOAD ./Middlewares/Third_Party/OpenAMP/init.o
LOAD ./Middlewares/Third_Party/OpenAMP/io.o
LOAD ./Middlewares/Third_Party/OpenAMP/log.o
LOAD ./Middlewares/Third_Party/OpenAMP/remoteproc_virtio.o
LOAD ./Middlewares/Third_Party/OpenAMP/rpmsg.o
LOAD ./Middlewares/Third_Party/OpenAMP/rpmsg_virtio.o
LOAD ./Middlewares/Third_Party/OpenAMP/shmem.o
LOAD ./Middlewares/Third_Party/OpenAMP/sys.o
LOAD ./Middlewares/Third_Party/OpenAMP/time.o
LOAD ./Middlewares/Third_Party/OpenAMP/virt_uart.o
LOAD ./Middlewares/Third_Party/OpenAMP/virtio.o
LOAD ./Middlewares/Third_Party/OpenAMP/virtqueue.o
LOAD ./OPENAMP/mbox_ipcc.o
LOAD ./OPENAMP/openamp.o
LOAD ./OPENAMP/openamp_log.o
LOAD ./OPENAMP/rsc_table.o
START GROUP
LOAD C:/ST/STM32CubeIDE_1.15.0/STM32CubeIDE/plugins/com.st.stm32cube.ide.mcu.externaltools.gnu-tools-for-stm32.12.3.rel1.win32_1.0.100.202403111256/tools/bin/../lib/gcc/arm-none-eabi/12.3.1/../../../../arm-none-eabi/lib/thumb/v7e-m+fp/hard\libc_nano.a
LOAD C:/ST/STM32CubeIDE_1.15.0/STM32CubeIDE/plugins/com.st.stm32cube.ide.mcu.externaltools.gnu-tools-for-stm32.12.3.rel1.win32_1.0.100.202403111256/tools/bin/../lib/gcc/arm-none-eabi/12.3.1/../../../../arm-none-eabi/lib/thumb/v7e-m+fp/hard\libm.a
END GROUP
START GROUP
LOAD C:/ST/STM32CubeIDE_1.15.0/STM32CubeIDE/plugins/com.st.stm32cube.ide.mcu.externaltools.gnu-tools-for-stm32.12.3.rel1.win32_1.0.100.202403111256/tools/bin/../lib/gcc/arm-none-eabi/12.3.1/thumb/v7e-m+fp/hard\libgcc.a
LOAD C:/ST/STM32CubeIDE_1.15.0/STM32CubeIDE/plugins/com.st.stm32cube.ide.mcu.externaltools.gnu-tools-for-stm32.12.3.rel1.win32_1.0.100.202403111256/tools/bin/../lib/gcc/arm-none-eabi/12.3.1/../../../../arm-none-eabi/lib/thumb/v7e-m+fp/hard\libc_nano.a
END GROUP
START GROUP
LOAD C:/ST/STM32CubeIDE_1.15.0/STM32CubeIDE/plugins/com.st.stm32cube.ide.mcu.externaltools.gnu-tools-for-stm32.12.3.rel1.win32_1.0.100.202403111256/tools/bin/../lib/gcc/arm-none-eabi/12.3.1/thumb/v7e-m+fp/hard\libgcc.a
LOAD C:/ST/STM32CubeIDE_1.15.0/STM32CubeIDE/plugins/com.st.stm32cube.ide.mcu.externaltools.gnu-tools-for-stm32.12.3.rel1.win32_1.0.100.202403111256/tools/bin/../lib/gcc/arm-none-eabi/12.3.1/../../../../arm-none-eabi/lib/thumb/v7e-m+fp/hard\libc_nano.a
LOAD C:/ST/STM32CubeIDE_1.15.0/STM32CubeIDE/plugins/com.st.stm32cube.ide.mcu.externaltools.gnu-tools-for-stm32.12.3.rel1.win32_1.0.100.202403111256/tools/bin/../lib/gcc/arm-none-eabi/12.3.1/../../../../arm-none-eabi/lib/thumb/v7e-m+fp/hard\libnosys.a
END GROUP
START GROUP
LOAD C:/ST/STM32CubeIDE_1.15.0/STM32CubeIDE/plugins/com.st.stm32cube.ide.mcu.externaltools.gnu-tools-for-stm32.12.3.rel1.win32_1.0.100.202403111256/tools/bin/../lib/gcc/arm-none-eabi/12.3.1/thumb/v7e-m+fp/hard\libgcc.a
LOAD C:/ST/STM32CubeIDE_1.15.0/STM32CubeIDE/plugins/com.st.stm32cube.ide.mcu.externaltools.gnu-tools-for-stm32.12.3.rel1.win32_1.0.100.202403111256/tools/bin/../lib/gcc/arm-none-eabi/12.3.1/../../../../arm-none-eabi/lib/thumb/v7e-m+fp/hard\libc_nano.a
LOAD C:/ST/STM32CubeIDE_1.15.0/STM32CubeIDE/plugins/com.st.stm32cube.ide.mcu.externaltools.gnu-tools-for-stm32.12.3.rel1.win32_1.0.100.202403111256/tools/bin/../lib/gcc/arm-none-eabi/12.3.1/../../../../arm-none-eabi/lib/thumb/v7e-m+fp/hard\libnosys.a
END GROUP
LOAD C:/ST/STM32CubeIDE_1.15.0/STM32CubeIDE/plugins/com.st.stm32cube.ide.mcu.externaltools.gnu-tools-for-stm32.12.3.rel1.win32_1.0.100.202403111256/tools/bin/../lib/gcc/arm-none-eabi/12.3.1/thumb/v7e-m+fp/hard/crtend.o
LOAD C:/ST/STM32CubeIDE_1.15.0/STM32CubeIDE/plugins/com.st.stm32cube.ide.mcu.externaltools.gnu-tools-for-stm32.12.3.rel1.win32_1.0.100.202403111256/tools/bin/../lib/gcc/arm-none-eabi/12.3.1/thumb/v7e-m+fp/hard/crtn.o
                0x10040000                        _estack = (ORIGIN (SRAM2_data) + LENGTH (SRAM2_data))
                0x00000200                        _Min_Heap_Size = 0x200
                0x00000400                        _Min_Stack_Size = 0x400
                0x10040000                        __OPENAMP_region_start__ = ORIGIN (SRAM3_ipc_shm)
                0x10050000                        __OPENAMP_region_end__ = (ORIGIN (SRAM3_ipc_shm) + LENGTH (SRAM3_ipc_shm))

.isr_vector     0x00000000      0x298
                0x00000000                        . = ALIGN (0x4)
 *(.isr_vector)
 .isr_vector    0x00000000      0x298 ./Core/Startup/startup_stm32mp157facx.o
                0x00000000                g_pfnVectors
                0x00000298                        . = ALIGN (0x4)

.text           0x10000000     0xac6c
                0x10000000                        . = ALIGN (0x4)
 *(.text)
 .text          0x10000000       0x40 C:/ST/STM32CubeIDE_1.15.0/STM32CubeIDE/plugins/com.st.stm32cube.ide.mcu.externaltools.gnu-tools-for-stm32.12.3.rel1.win32_1.0.100.202403111256/tools/bin/../lib/gcc/arm-none-eabi/12.3.1/thumb/v7e-m+fp/hard/crtbegin.o
 .text          0x10000040       0x14 C:/ST/STM32CubeIDE_1.15.0/STM32CubeIDE/plugins/com.st.stm32cube.ide.mcu.externaltools.gnu-tools-for-stm32.12.3.rel1.win32_1.0.100.202403111256/tools/bin/../lib/gcc/arm-none-eabi/12.3.1/../../../../arm-none-eabi/lib/thumb/v7e-m+fp/hard\libc_nano.a(libc_a-strcmp.o)
                0x10000040                strcmp
 *fill*         0x10000054        0xc 
 .text          0x10000060       0xa0 C:/ST/STM32CubeIDE_1.15.0/STM32CubeIDE/plugins/com.st.stm32cube.ide.mcu.externaltools.gnu-tools-for-stm32.12.3.rel1.win32_1.0.100.202403111256/tools/bin/../lib/gcc/arm-none-eabi/12.3.1/../../../../arm-none-eabi/lib/thumb/v7e-m+fp/hard\libc_nano.a(libc_a-memchr.o)
                0x10000060                memchr
 *(.text*)
 .text.SystemInit
                0x10000100       0x4c ./Common/System/system_stm32mp1xx.o
                0x10000100                SystemInit
 .text.main     0x1000014c       0x88 ./Core/Src/main.o
                0x1000014c                main
 .text.SystemClock_Config
                0x100001d4      0x2ec ./Core/Src/main.o
                0x100001d4                SystemClock_Config
 .text.PeriphCommonClock_Config
                0x100004c0       0x5a ./Core/Src/main.o
                0x100004c0                PeriphCommonClock_Config
 *fill*         0x1000051a        0x2 
 .text.MX_IPCC_Init
                0x1000051c       0x28 ./Core/Src/main.o
 .text.MX_DMA_Init
                0x10000544       0x22 ./Core/Src/main.o
 .text.MX_GPIO_Init
                0x10000566       0x22 ./Core/Src/main.o
 .text.StartTask1
                0x10000588       0x10 ./Core/Src/main.o
                0x10000588                StartTask1
 .text.StartTask02
                0x10000598       0x10 ./Core/Src/main.o
                0x10000598                StartTask02
 .text.Error_Handler
                0x100005a8        0xc ./Core/Src/main.o
                0x100005a8                Error_Handler
 .text.HAL_MspInit
                0x100005b4       0x6c ./Core/Src/stm32mp1xx_hal_msp.o
                0x100005b4                HAL_MspInit
 .text.HAL_IPCC_MspInit
                0x10000620       0x4c ./Core/Src/stm32mp1xx_hal_msp.o
                0x10000620                HAL_IPCC_MspInit
 .text.NMI_Handler
                0x1000066c        0x8 ./Core/Src/stm32mp1xx_it.o
                0x1000066c                NMI_Handler
 .text.HardFault_Handler
                0x10000674        0x8 ./Core/Src/stm32mp1xx_it.o
                0x10000674                HardFault_Handler
 .text.MemManage_Handler
                0x1000067c        0x8 ./Core/Src/stm32mp1xx_it.o
                0x1000067c                MemManage_Handler
 .text.BusFault_Handler
                0x10000684        0x8 ./Core/Src/stm32mp1xx_it.o
                0x10000684                BusFault_Handler
 .text.UsageFault_Handler
                0x1000068c        0x8 ./Core/Src/stm32mp1xx_it.o
                0x1000068c                UsageFault_Handler
 .text.DebugMon_Handler
                0x10000694        0xe ./Core/Src/stm32mp1xx_it.o
                0x10000694                DebugMon_Handler
 .text.SysTick_Handler
                0x100006a2       0x1a ./Core/Src/stm32mp1xx_it.o
                0x100006a2                SysTick_Handler
 .text.IPCC_RX1_IRQHandler
                0x100006bc       0x14 ./Core/Src/stm32mp1xx_it.o
                0x100006bc                IPCC_RX1_IRQHandler
 .text.IPCC_TX1_IRQHandler
                0x100006d0       0x14 ./Core/Src/stm32mp1xx_it.o
                0x100006d0                IPCC_TX1_IRQHandler
 .text.RCC_WAKEUP_IRQHandler
                0x100006e4        0xc ./Core/Src/stm32mp1xx_it.o
                0x100006e4                RCC_WAKEUP_IRQHandler
 .text._getpid  0x100006f0       0x10 ./Core/Src/syscalls.o
                0x100006f0                _getpid
 .text._kill    0x10000700       0x20 ./Core/Src/syscalls.o
                0x10000700                _kill
 .text._exit    0x10000720       0x16 ./Core/Src/syscalls.o
                0x10000720                _exit
 .text._read    0x10000736       0x3a ./Core/Src/syscalls.o
                0x10000736                _read
 .text._write   0x10000770       0x38 ./Core/Src/syscalls.o
                0x10000770                _write
 .text._close   0x100007a8       0x18 ./Core/Src/syscalls.o
                0x100007a8                _close
 .text._fstat   0x100007c0       0x20 ./Core/Src/syscalls.o
                0x100007c0                _fstat
 .text._isatty  0x100007e0       0x16 ./Core/Src/syscalls.o
                0x100007e0                _isatty
 .text._lseek   0x100007f6       0x1a ./Core/Src/syscalls.o
                0x100007f6                _lseek
 .text._sbrk    0x10000810       0x6c ./Core/Src/sysmem.o
                0x10000810                _sbrk
 .text.Default_Handler
                0x1000087c        0x2 ./Core/Startup/startup_stm32mp157facx.o
                0x1000087c                EXTI2_IRQHandler
                0x1000087c                TIM8_TRG_COM_IRQHandler
                0x1000087c                TIM8_CC_IRQHandler
                0x1000087c                EXTI5_IRQHandler
                0x1000087c                UART8_IRQHandler
                0x1000087c                SPI4_IRQHandler
                0x1000087c                EXTI13_IRQHandler
                0x1000087c                TIM1_CC_IRQHandler
                0x1000087c                DMA2_Stream5_IRQHandler
                0x1000087c                ETH1_WKUP_IRQHandler
                0x1000087c                TAMP_IRQHandler
                0x1000087c                DMA1_Stream5_IRQHandler
                0x1000087c                TIM6_IRQHandler
                0x1000087c                EXTI12_IRQHandler
                0x1000087c                EXTI3_IRQHandler
                0x1000087c                LPTIM4_IRQHandler
                0x1000087c                EXTI8_IRQHandler
                0x1000087c                LPTIM2_IRQHandler
                0x1000087c                DFSDM1_FLT1_IRQHandler
                0x1000087c                I2C3_ER_IRQHandler
                0x1000087c                DFSDM1_FLT2_IRQHandler
                0x1000087c                I2C5_EV_IRQHandler
                0x1000087c                MDMA_IRQHandler
                0x1000087c                LPTIM3_IRQHandler
                0x1000087c                EXTI0_IRQHandler
                0x1000087c                I2C2_EV_IRQHandler
                0x1000087c                DMA1_Stream2_IRQHandler
                0x1000087c                FPU_IRQHandler
                0x1000087c                USBH_OHCI_IRQHandler
                0x1000087c                FDCAN1_IT1_IRQHandler
                0x1000087c                LTDC_ER_IRQHandler
                0x1000087c                DMA2_Stream2_IRQHandler
                0x1000087c                IPCC_RX0_IRQHandler
                0x1000087c                OTG_IRQHandler
                0x1000087c                SPI1_IRQHandler
                0x1000087c                DCMI_IRQHandler
                0x1000087c                TIM8_UP_IRQHandler
                0x1000087c                DMA2_Stream3_IRQHandler
                0x1000087c                USBH_EHCI_IRQHandler
                0x1000087c                nCTIIRQ2_IRQHandler
                0x1000087c                HASH1_IRQHandler
                0x1000087c                GPU_IRQHandler
                0x1000087c                SAI2_IRQHandler
                0x1000087c                ADC1_IRQHandler
                0x1000087c                RESERVED148_IRQHandler
                0x1000087c                RTC_TIMESTAMP_IRQHandler
                0x1000087c                DFSDM1_FLT3_IRQHandler
                0x1000087c                USART6_IRQHandler
                0x1000087c                EXTI15_IRQHandler
                0x1000087c                TIM17_IRQHandler
                0x1000087c                USART3_IRQHandler
                0x1000087c                EXTI9_IRQHandler
                0x1000087c                LPTIM5_IRQHandler
                0x1000087c                UART5_IRQHandler
                0x1000087c                DMA2_Stream0_IRQHandler
                0x1000087c                TIM4_IRQHandler
                0x1000087c                CRYP2_IRQHandler
                0x1000087c                QUADSPI_IRQHandler
                0x1000087c                I2C1_EV_IRQHandler
                0x1000087c                DMA1_Stream6_IRQHandler
                0x1000087c                RESERVED99_IRQHandler
                0x1000087c                DMAMUX1_OVR_IRQHandler
                0x1000087c                DMA1_Stream1_IRQHandler
                0x1000087c                TIM16_IRQHandler
                0x1000087c                UART4_IRQHandler
                0x1000087c                TIM3_IRQHandler
                0x1000087c                RCC_IRQHandler
                0x1000087c                TIM1_TRG_COM_IRQHandler
                0x1000087c                nCTIIRQ1_IRQHandler
                0x1000087c                Default_Handler
                0x1000087c                CEC_IRQHandler
                0x1000087c                DFSDM1_FLT4_IRQHandler
                0x1000087c                TIM14_IRQHandler
                0x1000087c                I2C5_ER_IRQHandler
                0x1000087c                TIM13_IRQHandler
                0x1000087c                DMA1_Stream7_IRQHandler
                0x1000087c                IPCC_TX0_IRQHandler
                0x1000087c                SPI5_IRQHandler
                0x1000087c                TIM12_IRQHandler
                0x1000087c                TIM7_IRQHandler
                0x1000087c                SDMMC1_IRQHandler
                0x1000087c                TIM5_IRQHandler
                0x1000087c                DMA2_Stream7_IRQHandler
                0x1000087c                TIM15_IRQHandler
                0x1000087c                PVD_AVD_IRQHandler
                0x1000087c                I2C3_EV_IRQHandler
                0x1000087c                SDMMC3_IRQHandler
                0x1000087c                ETH1_IRQHandler
                0x1000087c                LTDC_IRQHandler
                0x1000087c                SAI3_IRQHandler
                0x1000087c                SPDIF_RX_IRQHandler
                0x1000087c                ADC2_IRQHandler
                0x1000087c                SPI2_IRQHandler
                0x1000087c                DFSDM1_FLT5_IRQHandler
                0x1000087c                DMA1_Stream0_IRQHandler
                0x1000087c                EXTI14_IRQHandler
                0x1000087c                EXTI11_IRQHandler
                0x1000087c                CRYP1_IRQHandler
                0x1000087c                RNG2_IRQHandler
                0x1000087c                RNG1_IRQHandler
                0x1000087c                HASH2_IRQHandler
                0x1000087c                EXTI4_IRQHandler
                0x1000087c                ETH1_LPI_IRQHandler
                0x1000087c                FDCAN2_IT1_IRQHandler
                0x1000087c                DSI_IRQHandler
                0x1000087c                TIM1_UP_IRQHandler
                0x1000087c                HSEM_IT2_IRQHandler
                0x1000087c                SPI6_IRQHandler
                0x1000087c                MDIOS_IRQHandler
                0x1000087c                I2C4_EV_IRQHandler
                0x1000087c                FDCAN2_IT0_IRQHandler
                0x1000087c                I2C6_ER_IRQHandler
                0x1000087c                FDCAN1_IT0_IRQHandler
                0x1000087c                TIM2_IRQHandler
                0x1000087c                EXTI7_IRQHandler
                0x1000087c                TIM1_BRK_IRQHandler
                0x1000087c                DAC_IRQHandler
                0x1000087c                EXTI1_IRQHandler
                0x1000087c                SDMMC2_IRQHandler
                0x1000087c                DTS_IRQHandler
                0x1000087c                UART7_IRQHandler
                0x1000087c                USART2_IRQHandler
                0x1000087c                I2C6_EV_IRQHandler
                0x1000087c                DFSDM1_FLT0_IRQHandler
                0x1000087c                SAI4_IRQHandler
                0x1000087c                I2C2_ER_IRQHandler
                0x1000087c                DMA2_Stream1_IRQHandler
                0x1000087c                TIM8_BRK_IRQHandler
                0x1000087c                WWDG1_IRQHandler
                0x1000087c                DMA2_Stream4_IRQHandler
                0x1000087c                USART1_IRQHandler
                0x1000087c                RESERVED143_IRQHandler
                0x1000087c                EXTI10_IRQHandler
                0x1000087c                SPI3_IRQHandler
                0x1000087c                WAKEUP_PIN_IRQHandler
                0x1000087c                DMA1_Stream4_IRQHandler
                0x1000087c                I2C1_ER_IRQHandler
                0x1000087c                FMC_IRQHandler
                0x1000087c                FDCAN_CAL_IRQHandler
                0x1000087c                EXTI6_IRQHandler
                0x1000087c                MPU_SEV_IRQHandler
                0x1000087c                LPTIM1_IRQHandler
                0x1000087c                RTC_WKUP_ALARM_IRQHandler
                0x1000087c                I2C4_ER_IRQHandler
                0x1000087c                DMA2_Stream6_IRQHandler
                0x1000087c                SAI1_IRQHandler
                0x1000087c                DMA1_Stream3_IRQHandler
                0x1000087c                RESERVED4_IRQHandler
 *fill*         0x1000087e        0x2 
 .text.HAL_Init
                0x10000880       0x34 ./Drivers/STM32MP1xx_HAL_Driver/stm32mp1xx_hal.o
                0x10000880                HAL_Init
 .text.HAL_InitTick
                0x100008b4       0x6c ./Drivers/STM32MP1xx_HAL_Driver/stm32mp1xx_hal.o
                0x100008b4                HAL_InitTick
 .text.HAL_IncTick
                0x10000920       0x28 ./Drivers/STM32MP1xx_HAL_Driver/stm32mp1xx_hal.o
                0x10000920                HAL_IncTick
 .text.HAL_GetTick
                0x10000948       0x18 ./Drivers/STM32MP1xx_HAL_Driver/stm32mp1xx_hal.o
                0x10000948                HAL_GetTick
 .text.__NVIC_SetPriorityGrouping
                0x10000960       0x48 ./Drivers/STM32MP1xx_HAL_Driver/stm32mp1xx_hal_cortex.o
 .text.__NVIC_GetPriorityGrouping
                0x100009a8       0x1c ./Drivers/STM32MP1xx_HAL_Driver/stm32mp1xx_hal_cortex.o
 .text.__NVIC_EnableIRQ
                0x100009c4       0x3c ./Drivers/STM32MP1xx_HAL_Driver/stm32mp1xx_hal_cortex.o
 .text.__NVIC_SetPriority
                0x10000a00       0x54 ./Drivers/STM32MP1xx_HAL_Driver/stm32mp1xx_hal_cortex.o
 .text.NVIC_EncodePriority
                0x10000a54       0x66 ./Drivers/STM32MP1xx_HAL_Driver/stm32mp1xx_hal_cortex.o
 *fill*         0x10000aba        0x2 
 .text.SysTick_Config
                0x10000abc       0x44 ./Drivers/STM32MP1xx_HAL_Driver/stm32mp1xx_hal_cortex.o
 .text.HAL_NVIC_SetPriorityGrouping
                0x10000b00       0x16 ./Drivers/STM32MP1xx_HAL_Driver/stm32mp1xx_hal_cortex.o
                0x10000b00                HAL_NVIC_SetPriorityGrouping
 .text.HAL_NVIC_SetPriority
                0x10000b16       0x38 ./Drivers/STM32MP1xx_HAL_Driver/stm32mp1xx_hal_cortex.o
                0x10000b16                HAL_NVIC_SetPriority
 .text.HAL_NVIC_EnableIRQ
                0x10000b4e       0x1c ./Drivers/STM32MP1xx_HAL_Driver/stm32mp1xx_hal_cortex.o
                0x10000b4e                HAL_NVIC_EnableIRQ
 .text.HAL_SYSTICK_Config
                0x10000b6a       0x18 ./Drivers/STM32MP1xx_HAL_Driver/stm32mp1xx_hal_cortex.o
                0x10000b6a                HAL_SYSTICK_Config
 *fill*         0x10000b82        0x2 
 .text.HAL_IPCC_Init
                0x10000b84       0x64 ./Drivers/STM32MP1xx_HAL_Driver/stm32mp1xx_hal_ipcc.o
                0x10000b84                HAL_IPCC_Init
 .text.HAL_IPCC_ActivateNotification
                0x10000be8       0x9c ./Drivers/STM32MP1xx_HAL_Driver/stm32mp1xx_hal_ipcc.o
                0x10000be8                HAL_IPCC_ActivateNotification
 .text.HAL_IPCC_GetChannelStatus
                0x10000c84       0x68 ./Drivers/STM32MP1xx_HAL_Driver/stm32mp1xx_hal_ipcc.o
                0x10000c84                HAL_IPCC_GetChannelStatus
 .text.HAL_IPCC_NotifyCPU
                0x10000cec       0x8c ./Drivers/STM32MP1xx_HAL_Driver/stm32mp1xx_hal_ipcc.o
                0x10000cec                HAL_IPCC_NotifyCPU
 .text.HAL_IPCC_TX_IRQHandler
                0x10000d78       0x9c ./Drivers/STM32MP1xx_HAL_Driver/stm32mp1xx_hal_ipcc.o
                0x10000d78                HAL_IPCC_TX_IRQHandler
 .text.HAL_IPCC_RX_IRQHandler
                0x10000e14       0x98 ./Drivers/STM32MP1xx_HAL_Driver/stm32mp1xx_hal_ipcc.o
                0x10000e14                HAL_IPCC_RX_IRQHandler
 .text.HAL_IPCC_RxCallback
                0x10000eac       0x1a ./Drivers/STM32MP1xx_HAL_Driver/stm32mp1xx_hal_ipcc.o
                0x10000eac                HAL_IPCC_RxCallback
 .text.HAL_IPCC_TxCallback
                0x10000ec6       0x1a ./Drivers/STM32MP1xx_HAL_Driver/stm32mp1xx_hal_ipcc.o
                0x10000ec6                HAL_IPCC_TxCallback
 .text.IPCC_UnmaskInterrupt
                0x10000ee0       0x5c ./Drivers/STM32MP1xx_HAL_Driver/stm32mp1xx_hal_ipcc.o
                0x10000ee0                IPCC_UnmaskInterrupt
 .text.IPCC_SetDefaultCallbacks
                0x10000f3c       0x4c ./Drivers/STM32MP1xx_HAL_Driver/stm32mp1xx_hal_ipcc.o
                0x10000f3c                IPCC_SetDefaultCallbacks
 .text.IPCC_Reset_Register
                0x10000f88       0x28 ./Drivers/STM32MP1xx_HAL_Driver/stm32mp1xx_hal_ipcc.o
                0x10000f88                IPCC_Reset_Register
 .text.HAL_PWR_EnableBkUpAccess
                0x10000fb0       0x20 ./Drivers/STM32MP1xx_HAL_Driver/stm32mp1xx_hal_pwr.o
                0x10000fb0                HAL_PWR_EnableBkUpAccess
 .text.HAL_RCC_OscConfig
                0x10000fd0      0x664 ./Drivers/STM32MP1xx_HAL_Driver/stm32mp1xx_hal_rcc.o
                0x10000fd0                HAL_RCC_OscConfig
 .text.HAL_RCC_HSEConfig
                0x10001634       0xd6 ./Drivers/STM32MP1xx_HAL_Driver/stm32mp1xx_hal_rcc.o
                0x10001634                HAL_RCC_HSEConfig
 .text.HAL_RCC_LSEConfig
                0x1000170a       0xfa ./Drivers/STM32MP1xx_HAL_Driver/stm32mp1xx_hal_rcc.o
                0x1000170a                HAL_RCC_LSEConfig
 .text.RCC_PLL1_Config
                0x10001804      0x308 ./Drivers/STM32MP1xx_HAL_Driver/stm32mp1xx_hal_rcc.o
                0x10001804                RCC_PLL1_Config
 .text.HAL_RCC_ClockConfig
                0x10001b0c      0x224 ./Drivers/STM32MP1xx_HAL_Driver/stm32mp1xx_hal_rcc.o
                0x10001b0c                HAL_RCC_ClockConfig
 .text.RCC_MPUConfig
                0x10001d30       0xec ./Drivers/STM32MP1xx_HAL_Driver/stm32mp1xx_hal_rcc.o
                0x10001d30                RCC_MPUConfig
 .text.RCC_AXISSConfig
                0x10001e1c      0x12e ./Drivers/STM32MP1xx_HAL_Driver/stm32mp1xx_hal_rcc.o
                0x10001e1c                RCC_AXISSConfig
 *fill*         0x10001f4a        0x2 
 .text.RCC_MCUConfig
                0x10001f4c      0x150 ./Drivers/STM32MP1xx_HAL_Driver/stm32mp1xx_hal_rcc.o
                0x10001f4c                RCC_MCUConfig
 .text.HAL_RCC_GetPLL3ClockFreq
                0x1000209c      0x1f4 ./Drivers/STM32MP1xx_HAL_Driver/stm32mp1xx_hal_rcc.o
                0x1000209c                HAL_RCC_GetPLL3ClockFreq
 .text.HAL_RCC_GetMCUFreq
                0x10002290       0x36 ./Drivers/STM32MP1xx_HAL_Driver/stm32mp1xx_hal_rcc.o
                0x10002290                HAL_RCC_GetMCUFreq
 .text.HAL_RCC_GetSystemCoreClockFreq
                0x100022c6        0xe ./Drivers/STM32MP1xx_HAL_Driver/stm32mp1xx_hal_rcc.o
                0x100022c6                HAL_RCC_GetSystemCoreClockFreq
 .text.HAL_RCC_GetMCUSSFreq
                0x100022d4       0x74 ./Drivers/STM32MP1xx_HAL_Driver/stm32mp1xx_hal_rcc.o
                0x100022d4                HAL_RCC_GetMCUSSFreq
 .text.HAL_RCC_WAKEUP_IRQHandler
                0x10002348       0x2a ./Drivers/STM32MP1xx_HAL_Driver/stm32mp1xx_hal_rcc.o
                0x10002348                HAL_RCC_WAKEUP_IRQHandler
 .text.HAL_RCC_WAKEUP_Callback
                0x10002372        0xe ./Drivers/STM32MP1xx_HAL_Driver/stm32mp1xx_hal_rcc.o
                0x10002372                HAL_RCC_WAKEUP_Callback
 .text.RCCEx_PLL2_Config
                0x10002380      0x304 ./Drivers/STM32MP1xx_HAL_Driver/stm32mp1xx_hal_rcc_ex.o
                0x10002380                RCCEx_PLL2_Config
 .text.RCCEx_PLL3_Config
                0x10002684      0x2d4 ./Drivers/STM32MP1xx_HAL_Driver/stm32mp1xx_hal_rcc_ex.o
                0x10002684                RCCEx_PLL3_Config
 .text.RCCEx_PLL4_Config
                0x10002958      0x2b0 ./Drivers/STM32MP1xx_HAL_Driver/stm32mp1xx_hal_rcc_ex.o
                0x10002958                RCCEx_PLL4_Config
 .text.HAL_RCCEx_PeriphCLKConfig
                0x10002c08     0x1d28 ./Drivers/STM32MP1xx_HAL_Driver/stm32mp1xx_hal_rcc_ex.o
                0x10002c08                HAL_RCCEx_PeriphCLKConfig
 .text.SVC_Setup
                0x10004930        0xe ./Middlewares/Third_Party/FreeRTOS/cmsis_os2.o
 *fill*         0x1000493e        0x2 
 .text.osKernelInitialize
                0x10004940       0x68 ./Middlewares/Third_Party/FreeRTOS/cmsis_os2.o
                0x10004940                osKernelInitialize
 .text.osKernelStart
                0x100049a8       0x6c ./Middlewares/Third_Party/FreeRTOS/cmsis_os2.o
                0x100049a8                osKernelStart
 .text.osThreadNew
                0x10004a14      0x14c ./Middlewares/Third_Party/FreeRTOS/cmsis_os2.o
                0x10004a14                osThreadNew
 .text.osDelay  0x10004b60       0x5c ./Middlewares/Third_Party/FreeRTOS/cmsis_os2.o
                0x10004b60                osDelay
 .text.vApplicationGetIdleTaskMemory
                0x10004bbc       0x34 ./Middlewares/Third_Party/FreeRTOS/cmsis_os2.o
                0x10004bbc                vApplicationGetIdleTaskMemory
 .text.vApplicationGetTimerTaskMemory
                0x10004bf0       0x34 ./Middlewares/Third_Party/FreeRTOS/cmsis_os2.o
                0x10004bf0                vApplicationGetTimerTaskMemory
 .text.pvPortMalloc
                0x10004c24      0x190 ./Middlewares/Third_Party/FreeRTOS/heap_4.o
                0x10004c24                pvPortMalloc
 .text.vPortFree
                0x10004db4       0xb8 ./Middlewares/Third_Party/FreeRTOS/heap_4.o
                0x10004db4                vPortFree
 .text.prvHeapInit
                0x10004e6c       0xc4 ./Middlewares/Third_Party/FreeRTOS/heap_4.o
 .text.prvInsertBlockIntoFreeList
                0x10004f30       0xb4 ./Middlewares/Third_Party/FreeRTOS/heap_4.o
 .text.vListInitialise
                0x10004fe4       0x40 ./Middlewares/Third_Party/FreeRTOS/list.o
                0x10004fe4                vListInitialise
 .text.vListInitialiseItem
                0x10005024       0x1a ./Middlewares/Third_Party/FreeRTOS/list.o
                0x10005024                vListInitialiseItem
 .text.vListInsertEnd
                0x1000503e       0x48 ./Middlewares/Third_Party/FreeRTOS/list.o
                0x1000503e                vListInsertEnd
 .text.vListInsert
                0x10005086       0x72 ./Middlewares/Third_Party/FreeRTOS/list.o
                0x10005086                vListInsert
 .text.uxListRemove
                0x100050f8       0x54 ./Middlewares/Third_Party/FreeRTOS/list.o
                0x100050f8                uxListRemove
 .text.pxPortInitialiseStack
                0x1000514c       0x68 ./Middlewares/Third_Party/FreeRTOS/port.o
                0x1000514c                pxPortInitialiseStack
 .text.prvTaskExitError
                0x100051b4       0x5c ./Middlewares/Third_Party/FreeRTOS/port.o
 .text.SVC_Handler
                0x10005210       0x28 ./Middlewares/Third_Party/FreeRTOS/port.o
                0x10005210                SVC_Handler
 .text.prvPortStartFirstTask
                0x10005238       0x28 ./Middlewares/Third_Party/FreeRTOS/port.o
 .text.xPortStartScheduler
                0x10005260      0x148 ./Middlewares/Third_Party/FreeRTOS/port.o
                0x10005260                xPortStartScheduler
 .text.vPortEnterCritical
                0x100053a8       0x64 ./Middlewares/Third_Party/FreeRTOS/port.o
                0x100053a8                vPortEnterCritical
 .text.vPortExitCritical
                0x1000540c       0x54 ./Middlewares/Third_Party/FreeRTOS/port.o
                0x1000540c                vPortExitCritical
 .text.PendSV_Handler
                0x10005460       0x68 ./Middlewares/Third_Party/FreeRTOS/port.o
                0x10005460                PendSV_Handler
 .text.xPortSysTickHandler
                0x100054c8       0x44 ./Middlewares/Third_Party/FreeRTOS/port.o
                0x100054c8                xPortSysTickHandler
 .text.vPortSetupTimerInterrupt
                0x1000550c       0x48 ./Middlewares/Third_Party/FreeRTOS/port.o
                0x1000550c                vPortSetupTimerInterrupt
 .text.vPortEnableVFP
                0x10005554       0x14 ./Middlewares/Third_Party/FreeRTOS/port.o
 .text.vPortValidateInterruptPriority
                0x10005568       0x84 ./Middlewares/Third_Party/FreeRTOS/port.o
                0x10005568                vPortValidateInterruptPriority
 .text.xQueueGenericReset
                0x100055ec       0xd4 ./Middlewares/Third_Party/FreeRTOS/queue.o
                0x100055ec                xQueueGenericReset
 .text.xQueueGenericCreateStatic
                0x100056c0       0xfa ./Middlewares/Third_Party/FreeRTOS/queue.o
                0x100056c0                xQueueGenericCreateStatic
 .text.xQueueGenericCreate
                0x100057ba       0x82 ./Middlewares/Third_Party/FreeRTOS/queue.o
                0x100057ba                xQueueGenericCreate
 .text.prvInitialiseNewQueue
                0x1000583c       0x46 ./Middlewares/Third_Party/FreeRTOS/queue.o
 .text.prvInitialiseMutex
                0x10005882       0x34 ./Middlewares/Third_Party/FreeRTOS/queue.o
 .text.xQueueCreateMutex
                0x100058b6       0x30 ./Middlewares/Third_Party/FreeRTOS/queue.o
                0x100058b6                xQueueCreateMutex
 *fill*         0x100058e6        0x2 
 .text.xQueueGenericSend
                0x100058e8      0x204 ./Middlewares/Third_Party/FreeRTOS/queue.o
                0x100058e8                xQueueGenericSend
 .text.xQueueGenericSendFromISR
                0x10005aec      0x136 ./Middlewares/Third_Party/FreeRTOS/queue.o
                0x10005aec                xQueueGenericSendFromISR
 *fill*         0x10005c22        0x2 
 .text.xQueueReceive
                0x10005c24      0x1c4 ./Middlewares/Third_Party/FreeRTOS/queue.o
                0x10005c24                xQueueReceive
 .text.xQueueSemaphoreTake
                0x10005de8      0x220 ./Middlewares/Third_Party/FreeRTOS/queue.o
                0x10005de8                xQueueSemaphoreTake
 .text.prvGetDisinheritPriorityAfterTimeout
                0x10006008       0x30 ./Middlewares/Third_Party/FreeRTOS/queue.o
 .text.prvCopyDataToQueue
                0x10006038       0xd4 ./Middlewares/Third_Party/FreeRTOS/queue.o
 .text.prvCopyDataFromQueue
                0x1000610c       0x4c ./Middlewares/Third_Party/FreeRTOS/queue.o
 .text.prvUnlockQueue
                0x10006158       0xa4 ./Middlewares/Third_Party/FreeRTOS/queue.o
 .text.prvIsQueueEmpty
                0x100061fc       0x2c ./Middlewares/Third_Party/FreeRTOS/queue.o
 .text.prvIsQueueFull
                0x10006228       0x30 ./Middlewares/Third_Party/FreeRTOS/queue.o
 .text.vQueueAddToRegistry
                0x10006258       0x54 ./Middlewares/Third_Party/FreeRTOS/queue.o
                0x10006258                vQueueAddToRegistry
 .text.vQueueWaitForMessageRestricted
                0x100062ac       0x68 ./Middlewares/Third_Party/FreeRTOS/queue.o
                0x100062ac                vQueueWaitForMessageRestricted
 .text.xTaskCreateStatic
                0x10006314       0xc0 ./Middlewares/Third_Party/FreeRTOS/tasks.o
                0x10006314                xTaskCreateStatic
 .text.xTaskCreate
                0x100063d4       0x8a ./Middlewares/Third_Party/FreeRTOS/tasks.o
                0x100063d4                xTaskCreate
 .text.prvInitialiseNewTask
                0x1000645e      0x120 ./Middlewares/Third_Party/FreeRTOS/tasks.o
 *fill*         0x1000657e        0x2 
 .text.prvAddNewTaskToReadyList
                0x10006580       0xe0 ./Middlewares/Third_Party/FreeRTOS/tasks.o
 .text.vTaskDelay
                0x10006660       0x6c ./Middlewares/Third_Party/FreeRTOS/tasks.o
                0x10006660                vTaskDelay
 .text.vTaskStartScheduler
                0x100066cc       0xd0 ./Middlewares/Third_Party/FreeRTOS/tasks.o
                0x100066cc                vTaskStartScheduler
 .text.vTaskSuspendAll
                0x1000679c       0x1c ./Middlewares/Third_Party/FreeRTOS/tasks.o
                0x1000679c                vTaskSuspendAll
 .text.xTaskResumeAll
                0x100067b8      0x13c ./Middlewares/Third_Party/FreeRTOS/tasks.o
                0x100067b8                xTaskResumeAll
 .text.xTaskGetTickCount
                0x100068f4       0x20 ./Middlewares/Third_Party/FreeRTOS/tasks.o
                0x100068f4                xTaskGetTickCount
 .text.xTaskIncrementTick
                0x10006914      0x174 ./Middlewares/Third_Party/FreeRTOS/tasks.o
                0x10006914                xTaskIncrementTick
 .text.vTaskSwitchContext
                0x10006a88       0xbc ./Middlewares/Third_Party/FreeRTOS/tasks.o
                0x10006a88                vTaskSwitchContext
 .text.vTaskPlaceOnEventList
                0x10006b44       0x4c ./Middlewares/Third_Party/FreeRTOS/tasks.o
                0x10006b44                vTaskPlaceOnEventList
 .text.vTaskPlaceOnEventListRestricted
                0x10006b90       0x58 ./Middlewares/Third_Party/FreeRTOS/tasks.o
                0x10006b90                vTaskPlaceOnEventListRestricted
 .text.xTaskRemoveFromEventList
                0x10006be8       0xc8 ./Middlewares/Third_Party/FreeRTOS/tasks.o
                0x10006be8                xTaskRemoveFromEventList
 .text.vTaskInternalSetTimeOutState
                0x10006cb0       0x2c ./Middlewares/Third_Party/FreeRTOS/tasks.o
                0x10006cb0                vTaskInternalSetTimeOutState
 .text.xTaskCheckForTimeOut
                0x10006cdc       0xc8 ./Middlewares/Third_Party/FreeRTOS/tasks.o
                0x10006cdc                xTaskCheckForTimeOut
 .text.vTaskMissedYield
                0x10006da4       0x18 ./Middlewares/Third_Party/FreeRTOS/tasks.o
                0x10006da4                vTaskMissedYield
 .text.prvIdleTask
                0x10006dbc       0x30 ./Middlewares/Third_Party/FreeRTOS/tasks.o
 .text.prvInitialiseTaskLists
                0x10006dec       0x80 ./Middlewares/Third_Party/FreeRTOS/tasks.o
 .text.prvCheckTasksWaitingTermination
                0x10006e6c       0x5c ./Middlewares/Third_Party/FreeRTOS/tasks.o
 .text.prvDeleteTCB
                0x10006ec8       0x60 ./Middlewares/Third_Party/FreeRTOS/tasks.o
 .text.prvResetNextTaskUnblockTime
                0x10006f28       0x40 ./Middlewares/Third_Party/FreeRTOS/tasks.o
 .text.xTaskGetSchedulerState
                0x10006f68       0x3c ./Middlewares/Third_Party/FreeRTOS/tasks.o
                0x10006f68                xTaskGetSchedulerState
 .text.xTaskPriorityInherit
                0x10006fa4       0xd0 ./Middlewares/Third_Party/FreeRTOS/tasks.o
                0x10006fa4                xTaskPriorityInherit
 .text.xTaskPriorityDisinherit
                0x10007074       0xe0 ./Middlewares/Third_Party/FreeRTOS/tasks.o
                0x10007074                xTaskPriorityDisinherit
 .text.vTaskPriorityDisinheritAfterTimeout
                0x10007154      0x108 ./Middlewares/Third_Party/FreeRTOS/tasks.o
                0x10007154                vTaskPriorityDisinheritAfterTimeout
 .text.pvTaskIncrementMutexHeldCount
                0x1000725c       0x28 ./Middlewares/Third_Party/FreeRTOS/tasks.o
                0x1000725c                pvTaskIncrementMutexHeldCount
 .text.prvAddCurrentTaskToDelayedList
                0x10007284       0xa8 ./Middlewares/Third_Party/FreeRTOS/tasks.o
 .text.xTimerCreateTimerTask
                0x1000732c       0x94 ./Middlewares/Third_Party/FreeRTOS/timers.o
                0x1000732c                xTimerCreateTimerTask
 .text.xTimerGenericCommand
                0x100073c0       0x9c ./Middlewares/Third_Party/FreeRTOS/timers.o
                0x100073c0                xTimerGenericCommand
 .text.prvProcessExpiredTimer
                0x1000745c       0x9c ./Middlewares/Third_Party/FreeRTOS/timers.o
 .text.prvTimerTask
                0x100074f8       0x26 ./Middlewares/Third_Party/FreeRTOS/timers.o
 *fill*         0x1000751e        0x2 
 .text.prvProcessTimerOrBlockTask
                0x10007520       0x9c ./Middlewares/Third_Party/FreeRTOS/timers.o
 .text.prvGetNextExpireTime
                0x100075bc       0x48 ./Middlewares/Third_Party/FreeRTOS/timers.o
 .text.prvSampleTimeNow
                0x10007604       0x40 ./Middlewares/Third_Party/FreeRTOS/timers.o
 .text.prvInsertTimerInActiveList
                0x10007644       0x84 ./Middlewares/Third_Party/FreeRTOS/timers.o
 .text.prvProcessReceivedCommands
                0x100076c8      0x1cc ./Middlewares/Third_Party/FreeRTOS/timers.o
 .text.prvSwitchTimerLists
                0x10007894       0xcc ./Middlewares/Third_Party/FreeRTOS/timers.o
 .text.prvCheckForValidListAndQueue
                0x10007960       0x80 ./Middlewares/Third_Party/FreeRTOS/timers.o
 .text.metal_list_init
                0x100079e0       0x20 ./Middlewares/Third_Party/OpenAMP/device.o
 .text.metal_list_add_before
                0x10007a00       0x34 ./Middlewares/Third_Party/OpenAMP/device.o
 .text.metal_list_add_tail
                0x10007a34       0x1a ./Middlewares/Third_Party/OpenAMP/device.o
 .text.__metal_cache_flush
                0x10007a4e       0x1a ./Middlewares/Third_Party/OpenAMP/device.o
 .text.__metal_cache_invalidate
                0x10007a68       0x1a ./Middlewares/Third_Party/OpenAMP/device.o
 .text.metal_cache_flush
                0x10007a82       0x1a ./Middlewares/Third_Party/OpenAMP/device.o
 .text.metal_cache_invalidate
                0x10007a9c       0x1a ./Middlewares/Third_Party/OpenAMP/device.o
 *fill*         0x10007ab6        0x2 
 .text.metal_bus_register
                0x10007ab8       0x88 ./Middlewares/Third_Party/OpenAMP/device.o
                0x10007ab8                metal_bus_register
 .text.metal_bus_find
                0x10007b40       0x5c ./Middlewares/Third_Party/OpenAMP/device.o
                0x10007b40                metal_bus_find
 .text.metal_device_open
                0x10007b9c       0x7c ./Middlewares/Third_Party/OpenAMP/device.o
                0x10007b9c                metal_device_open
 .text.metal_register_generic_device
                0x10007c18       0x4c ./Middlewares/Third_Party/OpenAMP/device.o
                0x10007c18                metal_register_generic_device
 .text.metal_generic_dev_open
                0x10007c64       0x60 ./Middlewares/Third_Party/OpenAMP/device.o
                0x10007c64                metal_generic_dev_open
 .text.metal_generic_dev_dma_map
                0x10007cc4       0xa2 ./Middlewares/Third_Party/OpenAMP/device.o
                0x10007cc4                metal_generic_dev_dma_map
 .text.metal_generic_dev_dma_unmap
                0x10007d66       0x56 ./Middlewares/Third_Party/OpenAMP/device.o
                0x10007d66                metal_generic_dev_dma_unmap
 .text.metal_generic_dev_sys_open
                0x10007dbc       0x4e ./Middlewares/Third_Party/OpenAMP/freertos_device.o
                0x10007dbc                metal_generic_dev_sys_open
 *fill*         0x10007e0a        0x2 
 .text.metal_sys_init
                0x10007e0c       0x1c ./Middlewares/Third_Party/OpenAMP/freertos_init.o
                0x10007e0c                metal_sys_init
 .text.metal_sys_io_mem_map
                0x10007e28       0x7c ./Middlewares/Third_Party/OpenAMP/freertos_io.o
                0x10007e28                metal_sys_io_mem_map
 .text.metal_list_init
                0x10007ea4       0x20 ./Middlewares/Third_Party/OpenAMP/init.o
 .text.metal_init
                0x10007ec4       0x64 ./Middlewares/Third_Party/OpenAMP/init.o
                0x10007ec4                metal_init
 .text.metal_io_virt
                0x10007f28       0x38 ./Middlewares/Third_Party/OpenAMP/io.o
 .text.metal_io_init
                0x10007f60       0x9a ./Middlewares/Third_Party/OpenAMP/io.o
                0x10007f60                metal_io_init
 .text.metal_io_block_read
                0x10007ffa       0xea ./Middlewares/Third_Party/OpenAMP/io.o
                0x10007ffa                metal_io_block_read
 .text.metal_io_block_write
                0x100080e4       0xe8 ./Middlewares/Third_Party/OpenAMP/io.o
                0x100080e4                metal_io_block_write
 .text.metal_default_log_handler
                0x100081cc       0x1a ./Middlewares/Third_Party/OpenAMP/log.o
                0x100081cc                metal_default_log_handler
 .text.metal_io_virt
                0x100081e6       0x38 ./Middlewares/Third_Party/OpenAMP/remoteproc_virtio.o
 .text.metal_io_virt_to_offset
                0x1000821e       0x32 ./Middlewares/Third_Party/OpenAMP/remoteproc_virtio.o
 .text.metal_io_read
                0x10008250      0x104 ./Middlewares/Third_Party/OpenAMP/remoteproc_virtio.o
 .text.metal_allocate_memory
                0x10008354       0x18 ./Middlewares/Third_Party/OpenAMP/remoteproc_virtio.o
 .text.metal_free_memory
                0x1000836c       0x16 ./Middlewares/Third_Party/OpenAMP/remoteproc_virtio.o
 .text.virtqueue_allocate
                0x10008382       0x32 ./Middlewares/Third_Party/OpenAMP/remoteproc_virtio.o
 .text.rproc_virtio_virtqueue_notify
                0x100083b4       0x68 ./Middlewares/Third_Party/OpenAMP/remoteproc_virtio.o
 .text.rproc_virtio_get_status
                0x1000841c       0x44 ./Middlewares/Third_Party/OpenAMP/remoteproc_virtio.o
 .text.rproc_virtio_get_dfeatures
                0x10008460       0x44 ./Middlewares/Third_Party/OpenAMP/remoteproc_virtio.o
 .text.rproc_virtio_get_features
                0x100084a4       0x50 ./Middlewares/Third_Party/OpenAMP/remoteproc_virtio.o
 .text.rproc_virtio_read_config
                0x100084f4       0x66 ./Middlewares/Third_Party/OpenAMP/remoteproc_virtio.o
 *fill*         0x1000855a        0x2 
 .text.rproc_virtio_create_vdev
                0x1000855c      0x15c ./Middlewares/Third_Party/OpenAMP/remoteproc_virtio.o
                0x1000855c                rproc_virtio_create_vdev
 .text.rproc_virtio_init_vring
                0x100086b8       0x62 ./Middlewares/Third_Party/OpenAMP/remoteproc_virtio.o
                0x100086b8                rproc_virtio_init_vring
 .text.rproc_virtio_wait_remote_ready
                0x1000871a       0x32 ./Middlewares/Third_Party/OpenAMP/remoteproc_virtio.o
                0x1000871a                rproc_virtio_wait_remote_ready
 .text.metal_list_add_before
                0x1000874c       0x34 ./Middlewares/Third_Party/OpenAMP/rpmsg.o
 .text.metal_list_add_tail
                0x10008780       0x1a ./Middlewares/Third_Party/OpenAMP/rpmsg.o
 .text.rpmsg_get_endpoint
                0x1000879a       0xc0 ./Middlewares/Third_Party/OpenAMP/rpmsg.o
                0x1000879a                rpmsg_get_endpoint
 .text.rpmsg_register_endpoint
                0x1000885a       0x26 ./Middlewares/Third_Party/OpenAMP/rpmsg.o
                0x1000885a                rpmsg_register_endpoint
 .text.__metal_sleep_usec
                0x10008880       0x44 ./Middlewares/Third_Party/OpenAMP/rpmsg_virtio.o
 .text.metal_sleep_usec
                0x100088c4       0x18 ./Middlewares/Third_Party/OpenAMP/rpmsg_virtio.o
 .text.metal_list_init
                0x100088dc       0x20 ./Middlewares/Third_Party/OpenAMP/rpmsg_virtio.o
 .text.metal_io_virt_to_offset
                0x100088fc       0x32 ./Middlewares/Third_Party/OpenAMP/rpmsg_virtio.o
 *fill*         0x1000892e        0x2 
 .text.__metal_mutex_init
                0x10008930       0x54 ./Middlewares/Third_Party/OpenAMP/rpmsg_virtio.o
 .text.__metal_mutex_acquire
                0x10008984       0x44 ./Middlewares/Third_Party/OpenAMP/rpmsg_virtio.o
 .text.__metal_mutex_release
                0x100089c8       0x44 ./Middlewares/Third_Party/OpenAMP/rpmsg_virtio.o
 .text.metal_mutex_init
                0x10008a0c       0x16 ./Middlewares/Third_Party/OpenAMP/rpmsg_virtio.o
 .text.metal_mutex_acquire
                0x10008a22       0x16 ./Middlewares/Third_Party/OpenAMP/rpmsg_virtio.o
 .text.metal_mutex_release
                0x10008a38       0x16 ./Middlewares/Third_Party/OpenAMP/rpmsg_virtio.o
 .text.rpmsg_virtio_get_role
                0x10008a4e       0x1a ./Middlewares/Third_Party/OpenAMP/rpmsg_virtio.o
 .text.rpmsg_virtio_set_status
                0x10008a68       0x26 ./Middlewares/Third_Party/OpenAMP/rpmsg_virtio.o
 .text.rpmsg_virtio_get_status
                0x10008a8e       0x22 ./Middlewares/Third_Party/OpenAMP/rpmsg_virtio.o
 .text.rpmsg_virtio_get_features
                0x10008ab0       0x22 ./Middlewares/Third_Party/OpenAMP/rpmsg_virtio.o
 .text.rpmsg_virtio_create_virtqueues
                0x10008ad2       0x2a ./Middlewares/Third_Party/OpenAMP/rpmsg_virtio.o
 .text.rpmsg_initialize_ept
                0x10008afc       0x48 ./Middlewares/Third_Party/OpenAMP/rpmsg_virtio.o
 .text.rpmsg_get_ept_from_addr
                0x10008b44       0x22 ./Middlewares/Third_Party/OpenAMP/rpmsg_virtio.o
 .text.rpmsg_virtio_init_shm_pool
                0x10008b66       0x32 ./Middlewares/Third_Party/OpenAMP/rpmsg_virtio.o
                0x10008b66                rpmsg_virtio_init_shm_pool
 .text.rpmsg_virtio_return_buffer
                0x10008b98       0x32 ./Middlewares/Third_Party/OpenAMP/rpmsg_virtio.o
 .text.rpmsg_virtio_enqueue_buffer
                0x10008bca       0x3a ./Middlewares/Third_Party/OpenAMP/rpmsg_virtio.o
 .text.rpmsg_virtio_get_tx_buffer
                0x10008c04       0x3a ./Middlewares/Third_Party/OpenAMP/rpmsg_virtio.o
 .text.rpmsg_virtio_get_rx_buffer
                0x10008c3e       0x38 ./Middlewares/Third_Party/OpenAMP/rpmsg_virtio.o
 .text.rpmsg_virtio_wait_remote_ready
                0x10008c76       0x3a ./Middlewares/Third_Party/OpenAMP/rpmsg_virtio.o
 .text.rpmsg_virtio_hold_rx_buffer
                0x10008cb0       0x28 ./Middlewares/Third_Party/OpenAMP/rpmsg_virtio.o
 .text.rpmsg_virtio_release_rx_buffer
                0x10008cd8       0x52 ./Middlewares/Third_Party/OpenAMP/rpmsg_virtio.o
 .text.rpmsg_virtio_get_tx_payload_buffer
                0x10008d2a       0xa4 ./Middlewares/Third_Party/OpenAMP/rpmsg_virtio.o
 *fill*         0x10008dce        0x2 
 .text.rpmsg_virtio_send_offchannel_nocopy
                0x10008dd0       0xd8 ./Middlewares/Third_Party/OpenAMP/rpmsg_virtio.o
 .text.rpmsg_virtio_send_offchannel_raw
                0x10008ea8       0x98 ./Middlewares/Third_Party/OpenAMP/rpmsg_virtio.o
 .text.rpmsg_virtio_tx_callback
                0x10008f40       0x14 ./Middlewares/Third_Party/OpenAMP/rpmsg_virtio.o
 .text.rpmsg_virtio_rx_callback
                0x10008f54      0x124 ./Middlewares/Third_Party/OpenAMP/rpmsg_virtio.o
 .text.rpmsg_virtio_ns_callback
                0x10009078       0xe6 ./Middlewares/Third_Party/OpenAMP/rpmsg_virtio.o
 *fill*         0x1000915e        0x2 
 .text.rpmsg_init_vdev
                0x10009160      0x1a0 ./Middlewares/Third_Party/OpenAMP/rpmsg_virtio.o
                0x10009160                rpmsg_init_vdev
 .text.metal_machine_cache_flush
                0x10009300       0x16 ./Middlewares/Third_Party/OpenAMP/sys.o
                0x10009300                metal_machine_cache_flush
 .text.metal_machine_cache_invalidate
                0x10009316       0x16 ./Middlewares/Third_Party/OpenAMP/sys.o
                0x10009316                metal_machine_cache_invalidate
 .text.metal_machine_io_mem_map
                0x1000932c       0x1c ./Middlewares/Third_Party/OpenAMP/sys.o
                0x1000932c                metal_machine_io_mem_map
 .text.virtio_create_virtqueues
                0x10009348       0x9c ./Middlewares/Third_Party/OpenAMP/virtio.o
                0x10009348                virtio_create_virtqueues
 .text.vring_init
                0x100093e4       0x52 ./Middlewares/Third_Party/OpenAMP/virtqueue.o
 .text.vring_need_event
                0x10009436       0x3c ./Middlewares/Third_Party/OpenAMP/virtqueue.o
 .text.metal_io_virt
                0x10009472       0x38 ./Middlewares/Third_Party/OpenAMP/virtqueue.o
 .text.metal_io_phys
                0x100094aa       0x6e ./Middlewares/Third_Party/OpenAMP/virtqueue.o
 .text.metal_io_phys_to_offset
                0x10009518       0x76 ./Middlewares/Third_Party/OpenAMP/virtqueue.o
 .text.metal_io_phys_to_virt
                0x1000958e       0x26 ./Middlewares/Third_Party/OpenAMP/virtqueue.o
 .text.virtqueue_phys_to_virt
                0x100095b4       0x22 ./Middlewares/Third_Party/OpenAMP/virtqueue.o
 .text.virtqueue_create
                0x100095d6       0x62 ./Middlewares/Third_Party/OpenAMP/virtqueue.o
                0x100095d6                virtqueue_create
 .text.virtqueue_get_buffer_length
                0x10009638       0x24 ./Middlewares/Third_Party/OpenAMP/virtqueue.o
                0x10009638                virtqueue_get_buffer_length
 .text.virtqueue_get_available_buffer
                0x1000965c       0x90 ./Middlewares/Third_Party/OpenAMP/virtqueue.o
                0x1000965c                virtqueue_get_available_buffer
 .text.virtqueue_add_consumed_buffer
                0x100096ec       0x84 ./Middlewares/Third_Party/OpenAMP/virtqueue.o
                0x100096ec                virtqueue_add_consumed_buffer
 .text.virtqueue_disable_cb
                0x10009770       0x70 ./Middlewares/Third_Party/OpenAMP/virtqueue.o
                0x10009770                virtqueue_disable_cb
 .text.virtqueue_kick
                0x100097e0       0x2c ./Middlewares/Third_Party/OpenAMP/virtqueue.o
                0x100097e0                virtqueue_kick
 .text.vq_ring_init
                0x1000980c       0x2c ./Middlewares/Third_Party/OpenAMP/virtqueue.o
 .text.vq_ring_must_notify
                0x10009838       0x9c ./Middlewares/Third_Party/OpenAMP/virtqueue.o
 .text.vq_ring_notify
                0x100098d4       0x20 ./Middlewares/Third_Party/OpenAMP/virtqueue.o
 .text.MAILBOX_Init
                0x100098f4       0x48 ./OPENAMP/mbox_ipcc.o
                0x100098f4                MAILBOX_Init
 .text.MAILBOX_Notify
                0x1000993c       0x64 ./OPENAMP/mbox_ipcc.o
                0x1000993c                MAILBOX_Notify
 .text.IPCC_channel1_callback
                0x100099a0       0x2c ./OPENAMP/mbox_ipcc.o
                0x100099a0                IPCC_channel1_callback
 .text.IPCC_channel2_callback
                0x100099cc       0x2c ./OPENAMP/mbox_ipcc.o
                0x100099cc                IPCC_channel2_callback
 .text.metal_device_io_region
                0x100099f8       0x36 ./OPENAMP/openamp.o
 *fill*         0x10009a2e        0x2 
 .text.OPENAMP_shmem_init
                0x10009a30      0x140 ./OPENAMP/openamp.o
 .text.MX_OPENAMP_Init
                0x10009b70      0x128 ./OPENAMP/openamp.o
                0x10009b70                MX_OPENAMP_Init
 .text.resource_table_init
                0x10009c98       0x28 ./OPENAMP/rsc_table.o
                0x10009c98                resource_table_init
 .text.__assert_func
                0x10009cc0       0x3c C:/ST/STM32CubeIDE_1.15.0/STM32CubeIDE/plugins/com.st.stm32cube.ide.mcu.externaltools.gnu-tools-for-stm32.12.3.rel1.win32_1.0.100.202403111256/tools/bin/../lib/gcc/arm-none-eabi/12.3.1/../../../../arm-none-eabi/lib/thumb/v7e-m+fp/hard\libc_nano.a(libc_a-assert.o)
                0x10009cc0                __assert_func
 .text.std      0x10009cfc       0x6c C:/ST/STM32CubeIDE_1.15.0/STM32CubeIDE/plugins/com.st.stm32cube.ide.mcu.externaltools.gnu-tools-for-stm32.12.3.rel1.win32_1.0.100.202403111256/tools/bin/../lib/gcc/arm-none-eabi/12.3.1/../../../../arm-none-eabi/lib/thumb/v7e-m+fp/hard\libc_nano.a(libc_a-findfp.o)
 .text.stdio_exit_handler
                0x10009d68       0x18 C:/ST/STM32CubeIDE_1.15.0/STM32CubeIDE/plugins/com.st.stm32cube.ide.mcu.externaltools.gnu-tools-for-stm32.12.3.rel1.win32_1.0.100.202403111256/tools/bin/../lib/gcc/arm-none-eabi/12.3.1/../../../../arm-none-eabi/lib/thumb/v7e-m+fp/hard\libc_nano.a(libc_a-findfp.o)
 .text.cleanup_stdio
                0x10009d80       0x40 C:/ST/STM32CubeIDE_1.15.0/STM32CubeIDE/plugins/com.st.stm32cube.ide.mcu.externaltools.gnu-tools-for-stm32.12.3.rel1.win32_1.0.100.202403111256/tools/bin/../lib/gcc/arm-none-eabi/12.3.1/../../../../arm-none-eabi/lib/thumb/v7e-m+fp/hard\libc_nano.a(libc_a-findfp.o)
 .text.global_stdio_init.part.0
                0x10009dc0       0x3c C:/ST/STM32CubeIDE_1.15.0/STM32CubeIDE/plugins/com.st.stm32cube.ide.mcu.externaltools.gnu-tools-for-stm32.12.3.rel1.win32_1.0.100.202403111256/tools/bin/../lib/gcc/arm-none-eabi/12.3.1/../../../../arm-none-eabi/lib/thumb/v7e-m+fp/hard\libc_nano.a(libc_a-findfp.o)
 .text.__sfp_lock_acquire
                0x10009dfc        0xc C:/ST/STM32CubeIDE_1.15.0/STM32CubeIDE/plugins/com.st.stm32cube.ide.mcu.externaltools.gnu-tools-for-stm32.12.3.rel1.win32_1.0.100.202403111256/tools/bin/../lib/gcc/arm-none-eabi/12.3.1/../../../../arm-none-eabi/lib/thumb/v7e-m+fp/hard\libc_nano.a(libc_a-findfp.o)
                0x10009dfc                __sfp_lock_acquire
 .text.__sfp_lock_release
                0x10009e08        0xc C:/ST/STM32CubeIDE_1.15.0/STM32CubeIDE/plugins/com.st.stm32cube.ide.mcu.externaltools.gnu-tools-for-stm32.12.3.rel1.win32_1.0.100.202403111256/tools/bin/../lib/gcc/arm-none-eabi/12.3.1/../../../../arm-none-eabi/lib/thumb/v7e-m+fp/hard\libc_nano.a(libc_a-findfp.o)
                0x10009e08                __sfp_lock_release
 .text.__sinit  0x10009e14       0x30 C:/ST/STM32CubeIDE_1.15.0/STM32CubeIDE/plugins/com.st.stm32cube.ide.mcu.externaltools.gnu-tools-for-stm32.12.3.rel1.win32_1.0.100.202403111256/tools/bin/../lib/gcc/arm-none-eabi/12.3.1/../../../../arm-none-eabi/lib/thumb/v7e-m+fp/hard\libc_nano.a(libc_a-findfp.o)
                0x10009e14                __sinit
 .text.fprintf  0x10009e44       0x24 C:/ST/STM32CubeIDE_1.15.0/STM32CubeIDE/plugins/com.st.stm32cube.ide.mcu.externaltools.gnu-tools-for-stm32.12.3.rel1.win32_1.0.100.202403111256/tools/bin/../lib/gcc/arm-none-eabi/12.3.1/../../../../arm-none-eabi/lib/thumb/v7e-m+fp/hard\libc_nano.a(libc_a-fprintf.o)
                0x10009e44                fiprintf
                0x10009e44                fprintf
 .text._fwalk_sglue
                0x10009e68       0x3c C:/ST/STM32CubeIDE_1.15.0/STM32CubeIDE/plugins/com.st.stm32cube.ide.mcu.externaltools.gnu-tools-for-stm32.12.3.rel1.win32_1.0.100.202403111256/tools/bin/../lib/gcc/arm-none-eabi/12.3.1/../../../../arm-none-eabi/lib/thumb/v7e-m+fp/hard\libc_nano.a(libc_a-fwalk.o)
                0x10009e68                _fwalk_sglue
 .text.__sread  0x10009ea4       0x22 C:/ST/STM32CubeIDE_1.15.0/STM32CubeIDE/plugins/com.st.stm32cube.ide.mcu.externaltools.gnu-tools-for-stm32.12.3.rel1.win32_1.0.100.202403111256/tools/bin/../lib/gcc/arm-none-eabi/12.3.1/../../../../arm-none-eabi/lib/thumb/v7e-m+fp/hard\libc_nano.a(libc_a-stdio.o)
                0x10009ea4                __sread
 .text.__swrite
                0x10009ec6       0x38 C:/ST/STM32CubeIDE_1.15.0/STM32CubeIDE/plugins/com.st.stm32cube.ide.mcu.externaltools.gnu-tools-for-stm32.12.3.rel1.win32_1.0.100.202403111256/tools/bin/../lib/gcc/arm-none-eabi/12.3.1/../../../../arm-none-eabi/lib/thumb/v7e-m+fp/hard\libc_nano.a(libc_a-stdio.o)
                0x10009ec6                __swrite
 .text.__sseek  0x10009efe       0x24 C:/ST/STM32CubeIDE_1.15.0/STM32CubeIDE/plugins/com.st.stm32cube.ide.mcu.externaltools.gnu-tools-for-stm32.12.3.rel1.win32_1.0.100.202403111256/tools/bin/../lib/gcc/arm-none-eabi/12.3.1/../../../../arm-none-eabi/lib/thumb/v7e-m+fp/hard\libc_nano.a(libc_a-stdio.o)
                0x10009efe                __sseek
 .text.__sclose
                0x10009f22        0x8 C:/ST/STM32CubeIDE_1.15.0/STM32CubeIDE/plugins/com.st.stm32cube.ide.mcu.externaltools.gnu-tools-for-stm32.12.3.rel1.win32_1.0.100.202403111256/tools/bin/../lib/gcc/arm-none-eabi/12.3.1/../../../../arm-none-eabi/lib/thumb/v7e-m+fp/hard\libc_nano.a(libc_a-stdio.o)
                0x10009f22                __sclose
 .text.memset   0x10009f2a       0x10 C:/ST/STM32CubeIDE_1.15.0/STM32CubeIDE/plugins/com.st.stm32cube.ide.mcu.externaltools.gnu-tools-for-stm32.12.3.rel1.win32_1.0.100.202403111256/tools/bin/../lib/gcc/arm-none-eabi/12.3.1/../../../../arm-none-eabi/lib/thumb/v7e-m+fp/hard\libc_nano.a(libc_a-memset.o)
                0x10009f2a                memset
 .text.strncmp  0x10009f3a       0x24 C:/ST/STM32CubeIDE_1.15.0/STM32CubeIDE/plugins/com.st.stm32cube.ide.mcu.externaltools.gnu-tools-for-stm32.12.3.rel1.win32_1.0.100.202403111256/tools/bin/../lib/gcc/arm-none-eabi/12.3.1/../../../../arm-none-eabi/lib/thumb/v7e-m+fp/hard\libc_nano.a(libc_a-strncmp.o)
                0x10009f3a                strncmp
 .text.strncpy  0x10009f5e       0x26 C:/ST/STM32CubeIDE_1.15.0/STM32CubeIDE/plugins/com.st.stm32cube.ide.mcu.externaltools.gnu-tools-for-stm32.12.3.rel1.win32_1.0.100.202403111256/tools/bin/../lib/gcc/arm-none-eabi/12.3.1/../../../../arm-none-eabi/lib/thumb/v7e-m+fp/hard\libc_nano.a(libc_a-strncpy.o)
                0x10009f5e                strncpy
 .text._close_r
                0x10009f84       0x20 C:/ST/STM32CubeIDE_1.15.0/STM32CubeIDE/plugins/com.st.stm32cube.ide.mcu.externaltools.gnu-tools-for-stm32.12.3.rel1.win32_1.0.100.202403111256/tools/bin/../lib/gcc/arm-none-eabi/12.3.1/../../../../arm-none-eabi/lib/thumb/v7e-m+fp/hard\libc_nano.a(libc_a-closer.o)
                0x10009f84                _close_r
 .text._lseek_r
                0x10009fa4       0x24 C:/ST/STM32CubeIDE_1.15.0/STM32CubeIDE/plugins/com.st.stm32cube.ide.mcu.externaltools.gnu-tools-for-stm32.12.3.rel1.win32_1.0.100.202403111256/tools/bin/../lib/gcc/arm-none-eabi/12.3.1/../../../../arm-none-eabi/lib/thumb/v7e-m+fp/hard\libc_nano.a(libc_a-lseekr.o)
                0x10009fa4                _lseek_r
 .text._read_r  0x10009fc8       0x24 C:/ST/STM32CubeIDE_1.15.0/STM32CubeIDE/plugins/com.st.stm32cube.ide.mcu.externaltools.gnu-tools-for-stm32.12.3.rel1.win32_1.0.100.202403111256/tools/bin/../lib/gcc/arm-none-eabi/12.3.1/../../../../arm-none-eabi/lib/thumb/v7e-m+fp/hard\libc_nano.a(libc_a-readr.o)
                0x10009fc8                _read_r
 .text._write_r
                0x10009fec       0x24 C:/ST/STM32CubeIDE_1.15.0/STM32CubeIDE/plugins/com.st.stm32cube.ide.mcu.externaltools.gnu-tools-for-stm32.12.3.rel1.win32_1.0.100.202403111256/tools/bin/../lib/gcc/arm-none-eabi/12.3.1/../../../../arm-none-eabi/lib/thumb/v7e-m+fp/hard\libc_nano.a(libc_a-writer.o)
                0x10009fec                _write_r
 .text.__errno  0x1000a010        0xc C:/ST/STM32CubeIDE_1.15.0/STM32CubeIDE/plugins/com.st.stm32cube.ide.mcu.externaltools.gnu-tools-for-stm32.12.3.rel1.win32_1.0.100.202403111256/tools/bin/../lib/gcc/arm-none-eabi/12.3.1/../../../../arm-none-eabi/lib/thumb/v7e-m+fp/hard\libc_nano.a(libc_a-errno.o)
                0x1000a010                __errno
 .text.__libc_init_array
                0x1000a01c       0x48 C:/ST/STM32CubeIDE_1.15.0/STM32CubeIDE/plugins/com.st.stm32cube.ide.mcu.externaltools.gnu-tools-for-stm32.12.3.rel1.win32_1.0.100.202403111256/tools/bin/../lib/gcc/arm-none-eabi/12.3.1/../../../../arm-none-eabi/lib/thumb/v7e-m+fp/hard\libc_nano.a(libc_a-init.o)
                0x1000a01c                __libc_init_array
 .text.__retarget_lock_init_recursive
                0x1000a064        0x2 C:/ST/STM32CubeIDE_1.15.0/STM32CubeIDE/plugins/com.st.stm32cube.ide.mcu.externaltools.gnu-tools-for-stm32.12.3.rel1.win32_1.0.100.202403111256/tools/bin/../lib/gcc/arm-none-eabi/12.3.1/../../../../arm-none-eabi/lib/thumb/v7e-m+fp/hard\libc_nano.a(libc_a-lock.o)
                0x1000a064                __retarget_lock_init_recursive
 .text.__retarget_lock_acquire_recursive
                0x1000a066        0x2 C:/ST/STM32CubeIDE_1.15.0/STM32CubeIDE/plugins/com.st.stm32cube.ide.mcu.externaltools.gnu-tools-for-stm32.12.3.rel1.win32_1.0.100.202403111256/tools/bin/../lib/gcc/arm-none-eabi/12.3.1/../../../../arm-none-eabi/lib/thumb/v7e-m+fp/hard\libc_nano.a(libc_a-lock.o)
                0x1000a066                __retarget_lock_acquire_recursive
 .text.__retarget_lock_release_recursive
                0x1000a068        0x2 C:/ST/STM32CubeIDE_1.15.0/STM32CubeIDE/plugins/com.st.stm32cube.ide.mcu.externaltools.gnu-tools-for-stm32.12.3.rel1.win32_1.0.100.202403111256/tools/bin/../lib/gcc/arm-none-eabi/12.3.1/../../../../arm-none-eabi/lib/thumb/v7e-m+fp/hard\libc_nano.a(libc_a-lock.o)
                0x1000a068                __retarget_lock_release_recursive
 .text.memcpy   0x1000a06a       0x1c C:/ST/STM32CubeIDE_1.15.0/STM32CubeIDE/plugins/com.st.stm32cube.ide.mcu.externaltools.gnu-tools-for-stm32.12.3.rel1.win32_1.0.100.202403111256/tools/bin/../lib/gcc/arm-none-eabi/12.3.1/../../../../arm-none-eabi/lib/thumb/v7e-m+fp/hard\libc_nano.a(libc_a-memcpy-stub.o)
                0x1000a06a                memcpy
 .text.abort    0x1000a086        0xe C:/ST/STM32CubeIDE_1.15.0/STM32CubeIDE/plugins/com.st.stm32cube.ide.mcu.externaltools.gnu-tools-for-stm32.12.3.rel1.win32_1.0.100.202403111256/tools/bin/../lib/gcc/arm-none-eabi/12.3.1/../../../../arm-none-eabi/lib/thumb/v7e-m+fp/hard\libc_nano.a(libc_a-abort.o)
                0x1000a086                abort
 .text._free_r  0x1000a094       0x94 C:/ST/STM32CubeIDE_1.15.0/STM32CubeIDE/plugins/com.st.stm32cube.ide.mcu.externaltools.gnu-tools-for-stm32.12.3.rel1.win32_1.0.100.202403111256/tools/bin/../lib/gcc/arm-none-eabi/12.3.1/../../../../arm-none-eabi/lib/thumb/v7e-m+fp/hard\libc_nano.a(libc_a-freer.o)
                0x1000a094                _free_r
 .text.sbrk_aligned
                0x1000a128       0x44 C:/ST/STM32CubeIDE_1.15.0/STM32CubeIDE/plugins/com.st.stm32cube.ide.mcu.externaltools.gnu-tools-for-stm32.12.3.rel1.win32_1.0.100.202403111256/tools/bin/../lib/gcc/arm-none-eabi/12.3.1/../../../../arm-none-eabi/lib/thumb/v7e-m+fp/hard\libc_nano.a(libc_a-mallocr.o)
 .text._malloc_r
                0x1000a16c      0x100 C:/ST/STM32CubeIDE_1.15.0/STM32CubeIDE/plugins/com.st.stm32cube.ide.mcu.externaltools.gnu-tools-for-stm32.12.3.rel1.win32_1.0.100.202403111256/tools/bin/../lib/gcc/arm-none-eabi/12.3.1/../../../../arm-none-eabi/lib/thumb/v7e-m+fp/hard\libc_nano.a(libc_a-mallocr.o)
                0x1000a16c                _malloc_r
 .text.__malloc_lock
                0x1000a26c        0xc C:/ST/STM32CubeIDE_1.15.0/STM32CubeIDE/plugins/com.st.stm32cube.ide.mcu.externaltools.gnu-tools-for-stm32.12.3.rel1.win32_1.0.100.202403111256/tools/bin/../lib/gcc/arm-none-eabi/12.3.1/../../../../arm-none-eabi/lib/thumb/v7e-m+fp/hard\libc_nano.a(libc_a-mlock.o)
                0x1000a26c                __malloc_lock
 .text.__malloc_unlock
                0x1000a278        0xc C:/ST/STM32CubeIDE_1.15.0/STM32CubeIDE/plugins/com.st.stm32cube.ide.mcu.externaltools.gnu-tools-for-stm32.12.3.rel1.win32_1.0.100.202403111256/tools/bin/../lib/gcc/arm-none-eabi/12.3.1/../../../../arm-none-eabi/lib/thumb/v7e-m+fp/hard\libc_nano.a(libc_a-mlock.o)
                0x1000a278                __malloc_unlock
 .text.__sfputc_r
                0x1000a284       0x2e C:/ST/STM32CubeIDE_1.15.0/STM32CubeIDE/plugins/com.st.stm32cube.ide.mcu.externaltools.gnu-tools-for-stm32.12.3.rel1.win32_1.0.100.202403111256/tools/bin/../lib/gcc/arm-none-eabi/12.3.1/../../../../arm-none-eabi/lib/thumb/v7e-m+fp/hard\libc_nano.a(libc_a-nano-vfprintf.o)
 .text.__sfputs_r
                0x1000a2b2       0x24 C:/ST/STM32CubeIDE_1.15.0/STM32CubeIDE/plugins/com.st.stm32cube.ide.mcu.externaltools.gnu-tools-for-stm32.12.3.rel1.win32_1.0.100.202403111256/tools/bin/../lib/gcc/arm-none-eabi/12.3.1/../../../../arm-none-eabi/lib/thumb/v7e-m+fp/hard\libc_nano.a(libc_a-nano-vfprintf.o)
                0x1000a2b2                __sfputs_r
 *fill*         0x1000a2d6        0x2 
 .text._vfprintf_r
                0x1000a2d8      0x230 C:/ST/STM32CubeIDE_1.15.0/STM32CubeIDE/plugins/com.st.stm32cube.ide.mcu.externaltools.gnu-tools-for-stm32.12.3.rel1.win32_1.0.100.202403111256/tools/bin/../lib/gcc/arm-none-eabi/12.3.1/../../../../arm-none-eabi/lib/thumb/v7e-m+fp/hard\libc_nano.a(libc_a-nano-vfprintf.o)
                0x1000a2d8                _vfprintf_r
                0x1000a2d8                _vfiprintf_r
 .text._printf_common
                0x1000a508       0xda C:/ST/STM32CubeIDE_1.15.0/STM32CubeIDE/plugins/com.st.stm32cube.ide.mcu.externaltools.gnu-tools-for-stm32.12.3.rel1.win32_1.0.100.202403111256/tools/bin/../lib/gcc/arm-none-eabi/12.3.1/../../../../arm-none-eabi/lib/thumb/v7e-m+fp/hard\libc_nano.a(libc_a-nano-vfprintf_i.o)
                0x1000a508                _printf_common
 *fill*         0x1000a5e2        0x2 
 .text._printf_i
                0x1000a5e4      0x240 C:/ST/STM32CubeIDE_1.15.0/STM32CubeIDE/plugins/com.st.stm32cube.ide.mcu.externaltools.gnu-tools-for-stm32.12.3.rel1.win32_1.0.100.202403111256/tools/bin/../lib/gcc/arm-none-eabi/12.3.1/../../../../arm-none-eabi/lib/thumb/v7e-m+fp/hard\libc_nano.a(libc_a-nano-vfprintf_i.o)
                0x1000a5e4                _printf_i
 .text.__sflush_r
                0x1000a824      0x108 C:/ST/STM32CubeIDE_1.15.0/STM32CubeIDE/plugins/com.st.stm32cube.ide.mcu.externaltools.gnu-tools-for-stm32.12.3.rel1.win32_1.0.100.202403111256/tools/bin/../lib/gcc/arm-none-eabi/12.3.1/../../../../arm-none-eabi/lib/thumb/v7e-m+fp/hard\libc_nano.a(libc_a-fflush.o)
                0x1000a824                __sflush_r
 .text._fflush_r
                0x1000a92c       0x50 C:/ST/STM32CubeIDE_1.15.0/STM32CubeIDE/plugins/com.st.stm32cube.ide.mcu.externaltools.gnu-tools-for-stm32.12.3.rel1.win32_1.0.100.202403111256/tools/bin/../lib/gcc/arm-none-eabi/12.3.1/../../../../arm-none-eabi/lib/thumb/v7e-m+fp/hard\libc_nano.a(libc_a-fflush.o)
                0x1000a92c                _fflush_r
 .text.__swbuf_r
                0x1000a97c       0x7c C:/ST/STM32CubeIDE_1.15.0/STM32CubeIDE/plugins/com.st.stm32cube.ide.mcu.externaltools.gnu-tools-for-stm32.12.3.rel1.win32_1.0.100.202403111256/tools/bin/../lib/gcc/arm-none-eabi/12.3.1/../../../../arm-none-eabi/lib/thumb/v7e-m+fp/hard\libc_nano.a(libc_a-wbuf.o)
                0x1000a97c                __swbuf_r
 .text.__swsetup_r
                0x1000a9f8       0xac C:/ST/STM32CubeIDE_1.15.0/STM32CubeIDE/plugins/com.st.stm32cube.ide.mcu.externaltools.gnu-tools-for-stm32.12.3.rel1.win32_1.0.100.202403111256/tools/bin/../lib/gcc/arm-none-eabi/12.3.1/../../../../arm-none-eabi/lib/thumb/v7e-m+fp/hard\libc_nano.a(libc_a-wsetup.o)
                0x1000a9f8                __swsetup_r
 .text._raise_r
                0x1000aaa4       0x50 C:/ST/STM32CubeIDE_1.15.0/STM32CubeIDE/plugins/com.st.stm32cube.ide.mcu.externaltools.gnu-tools-for-stm32.12.3.rel1.win32_1.0.100.202403111256/tools/bin/../lib/gcc/arm-none-eabi/12.3.1/../../../../arm-none-eabi/lib/thumb/v7e-m+fp/hard\libc_nano.a(libc_a-signal.o)
                0x1000aaa4                _raise_r
 .text.raise    0x1000aaf4       0x10 C:/ST/STM32CubeIDE_1.15.0/STM32CubeIDE/plugins/com.st.stm32cube.ide.mcu.externaltools.gnu-tools-for-stm32.12.3.rel1.win32_1.0.100.202403111256/tools/bin/../lib/gcc/arm-none-eabi/12.3.1/../../../../arm-none-eabi/lib/thumb/v7e-m+fp/hard\libc_nano.a(libc_a-signal.o)
                0x1000aaf4                raise
 .text._kill_r  0x1000ab04       0x24 C:/ST/STM32CubeIDE_1.15.0/STM32CubeIDE/plugins/com.st.stm32cube.ide.mcu.externaltools.gnu-tools-for-stm32.12.3.rel1.win32_1.0.100.202403111256/tools/bin/../lib/gcc/arm-none-eabi/12.3.1/../../../../arm-none-eabi/lib/thumb/v7e-m+fp/hard\libc_nano.a(libc_a-signalr.o)
                0x1000ab04                _kill_r
 .text._getpid_r
                0x1000ab28        0x4 C:/ST/STM32CubeIDE_1.15.0/STM32CubeIDE/plugins/com.st.stm32cube.ide.mcu.externaltools.gnu-tools-for-stm32.12.3.rel1.win32_1.0.100.202403111256/tools/bin/../lib/gcc/arm-none-eabi/12.3.1/../../../../arm-none-eabi/lib/thumb/v7e-m+fp/hard\libc_nano.a(libc_a-signalr.o)
                0x1000ab28                _getpid_r
 .text._sbrk_r  0x1000ab2c       0x20 C:/ST/STM32CubeIDE_1.15.0/STM32CubeIDE/plugins/com.st.stm32cube.ide.mcu.externaltools.gnu-tools-for-stm32.12.3.rel1.win32_1.0.100.202403111256/tools/bin/../lib/gcc/arm-none-eabi/12.3.1/../../../../arm-none-eabi/lib/thumb/v7e-m+fp/hard\libc_nano.a(libc_a-sbrkr.o)
                0x1000ab2c                _sbrk_r
 .text.__swhatbuf_r
                0x1000ab4c       0x4c C:/ST/STM32CubeIDE_1.15.0/STM32CubeIDE/plugins/com.st.stm32cube.ide.mcu.externaltools.gnu-tools-for-stm32.12.3.rel1.win32_1.0.100.202403111256/tools/bin/../lib/gcc/arm-none-eabi/12.3.1/../../../../arm-none-eabi/lib/thumb/v7e-m+fp/hard\libc_nano.a(libc_a-makebuf.o)
                0x1000ab4c                __swhatbuf_r
 .text.__smakebuf_r
                0x1000ab98       0x78 C:/ST/STM32CubeIDE_1.15.0/STM32CubeIDE/plugins/com.st.stm32cube.ide.mcu.externaltools.gnu-tools-for-stm32.12.3.rel1.win32_1.0.100.202403111256/tools/bin/../lib/gcc/arm-none-eabi/12.3.1/../../../../arm-none-eabi/lib/thumb/v7e-m+fp/hard\libc_nano.a(libc_a-makebuf.o)
                0x1000ab98                __smakebuf_r
 .text._fstat_r
                0x1000ac10       0x24 C:/ST/STM32CubeIDE_1.15.0/STM32CubeIDE/plugins/com.st.stm32cube.ide.mcu.externaltools.gnu-tools-for-stm32.12.3.rel1.win32_1.0.100.202403111256/tools/bin/../lib/gcc/arm-none-eabi/12.3.1/../../../../arm-none-eabi/lib/thumb/v7e-m+fp/hard\libc_nano.a(libc_a-fstatr.o)
                0x1000ac10                _fstat_r
 .text._isatty_r
                0x1000ac34       0x20 C:/ST/STM32CubeIDE_1.15.0/STM32CubeIDE/plugins/com.st.stm32cube.ide.mcu.externaltools.gnu-tools-for-stm32.12.3.rel1.win32_1.0.100.202403111256/tools/bin/../lib/gcc/arm-none-eabi/12.3.1/../../../../arm-none-eabi/lib/thumb/v7e-m+fp/hard\libc_nano.a(libc_a-isattyr.o)
                0x1000ac34                _isatty_r
 *(.glue_7)
 .glue_7        0x1000ac54        0x0 linker stubs
 *(.glue_7t)
 .glue_7t       0x1000ac54        0x0 linker stubs
 *(.eh_frame)
 .eh_frame      0x1000ac54        0x0 C:/ST/STM32CubeIDE_1.15.0/STM32CubeIDE/plugins/com.st.stm32cube.ide.mcu.externaltools.gnu-tools-for-stm32.12.3.rel1.win32_1.0.100.202403111256/tools/bin/../lib/gcc/arm-none-eabi/12.3.1/thumb/v7e-m+fp/hard/crtbegin.o
 *(.init)
 .init          0x1000ac54        0x4 C:/ST/STM32CubeIDE_1.15.0/STM32CubeIDE/plugins/com.st.stm32cube.ide.mcu.externaltools.gnu-tools-for-stm32.12.3.rel1.win32_1.0.100.202403111256/tools/bin/../lib/gcc/arm-none-eabi/12.3.1/thumb/v7e-m+fp/hard/crti.o
                0x1000ac54                _init
 .init          0x1000ac58        0x8 C:/ST/STM32CubeIDE_1.15.0/STM32CubeIDE/plugins/com.st.stm32cube.ide.mcu.externaltools.gnu-tools-for-stm32.12.3.rel1.win32_1.0.100.202403111256/tools/bin/../lib/gcc/arm-none-eabi/12.3.1/thumb/v7e-m+fp/hard/crtn.o
 *(.fini)
 .fini          0x1000ac60        0x4 C:/ST/STM32CubeIDE_1.15.0/STM32CubeIDE/plugins/com.st.stm32cube.ide.mcu.externaltools.gnu-tools-for-stm32.12.3.rel1.win32_1.0.100.202403111256/tools/bin/../lib/gcc/arm-none-eabi/12.3.1/thumb/v7e-m+fp/hard/crti.o
                0x1000ac60                _fini
 .fini          0x1000ac64        0x8 C:/ST/STM32CubeIDE_1.15.0/STM32CubeIDE/plugins/com.st.stm32cube.ide.mcu.externaltools.gnu-tools-for-stm32.12.3.rel1.win32_1.0.100.202403111256/tools/bin/../lib/gcc/arm-none-eabi/12.3.1/thumb/v7e-m+fp/hard/crtn.o
                0x1000ac6c                        . = ALIGN (0x4)
                0x1000ac6c                        _etext = .

.vfp11_veneer   0x1000ac6c        0x0
 .vfp11_veneer  0x1000ac6c        0x0 linker stubs

.v4_bx          0x1000ac6c        0x0
 .v4_bx         0x1000ac6c        0x0 linker stubs

.iplt           0x1000ac6c        0x0
 .iplt          0x1000ac6c        0x0 C:/ST/STM32CubeIDE_1.15.0/STM32CubeIDE/plugins/com.st.stm32cube.ide.mcu.externaltools.gnu-tools-for-stm32.12.3.rel1.win32_1.0.100.202403111256/tools/bin/../lib/gcc/arm-none-eabi/12.3.1/thumb/v7e-m+fp/hard/crtbegin.o

.startup_copro_fw.Reset_Handler
                0x1000ac6c       0x50
 .startup_copro_fw.Reset_Handler
                0x1000ac6c       0x50 ./Core/Startup/startup_stm32mp157facx.o
                0x1000ac6c                Reset_Handler

.rodata         0x1000acbc      0x510
                0x1000acbc                        . = ALIGN (0x4)
 *(.rodata)
 .rodata        0x1000acbc        0xf ./Core/Src/main.o
 *fill*         0x1000accb        0x1 
 .rodata        0x1000accc        0x5 ./Middlewares/Third_Party/FreeRTOS/tasks.o
 *fill*         0x1000acd1        0x3 
 .rodata        0x1000acd4        0xd ./Middlewares/Third_Party/FreeRTOS/timers.o
 *fill*         0x1000ace1        0x3 
 .rodata        0x1000ace4       0xb8 ./Middlewares/Third_Party/OpenAMP/device.o
 .rodata        0x1000ad9c       0xe9 ./Middlewares/Third_Party/OpenAMP/remoteproc_virtio.o
 *fill*         0x1000ae85        0x3 
 .rodata        0x1000ae88      0x173 ./Middlewares/Third_Party/OpenAMP/rpmsg_virtio.o
 *fill*         0x1000affb        0x1 
 .rodata        0x1000affc       0x1c ./OPENAMP/openamp.o
 *(.rodata*)
 .rodata.Task1_attributes
                0x1000b018       0x24 ./Core/Src/main.o
                0x1000b018                Task1_attributes
 .rodata.Task02_attributes
                0x1000b03c       0x24 ./Core/Src/main.o
                0x1000b03c                Task02_attributes
 .rodata.remoteproc_virtio_dispatch_funcs
                0x1000b060       0x24 ./Middlewares/Third_Party/OpenAMP/remoteproc_virtio.o
 .rodata.__func__.1
                0x1000b084       0x1e ./Middlewares/Third_Party/OpenAMP/remoteproc_virtio.o
 *fill*         0x1000b0a2        0x2 
 .rodata.__func__.0
                0x1000b0a4        0xe ./Middlewares/Third_Party/OpenAMP/remoteproc_virtio.o
 *fill*         0x1000b0b2        0x2 
 .rodata.__func__.6
                0x1000b0b4       0x16 ./Middlewares/Third_Party/OpenAMP/rpmsg_virtio.o
 *fill*         0x1000b0ca        0x2 
 .rodata.__func__.5
                0x1000b0cc       0x16 ./Middlewares/Third_Party/OpenAMP/rpmsg_virtio.o
 *fill*         0x1000b0e2        0x2 
 .rodata.__func__.4
                0x1000b0e4       0x24 ./Middlewares/Third_Party/OpenAMP/rpmsg_virtio.o
 .rodata.__func__.3
                0x1000b108       0x21 ./Middlewares/Third_Party/OpenAMP/rpmsg_virtio.o
 *fill*         0x1000b129        0x3 
 .rodata.__func__.2
                0x1000b12c       0x19 ./Middlewares/Third_Party/OpenAMP/rpmsg_virtio.o
 *fill*         0x1000b145        0x3 
 .rodata.__func__.1
                0x1000b148       0x13 ./Middlewares/Third_Party/OpenAMP/rpmsg_virtio.o
 .rodata.__assert_func.str1.1
                0x1000b15b       0x3c C:/ST/STM32CubeIDE_1.15.0/STM32CubeIDE/plugins/com.st.stm32cube.ide.mcu.externaltools.gnu-tools-for-stm32.12.3.rel1.win32_1.0.100.202403111256/tools/bin/../lib/gcc/arm-none-eabi/12.3.1/../../../../arm-none-eabi/lib/thumb/v7e-m+fp/hard\libc_nano.a(libc_a-assert.o)
                                 0x3d (size before relaxing)
 .rodata._vfprintf_r.str1.1
                0x1000b197       0x11 C:/ST/STM32CubeIDE_1.15.0/STM32CubeIDE/plugins/com.st.stm32cube.ide.mcu.externaltools.gnu-tools-for-stm32.12.3.rel1.win32_1.0.100.202403111256/tools/bin/../lib/gcc/arm-none-eabi/12.3.1/../../../../arm-none-eabi/lib/thumb/v7e-m+fp/hard\libc_nano.a(libc_a-nano-vfprintf.o)
 .rodata._printf_i.str1.1
                0x1000b1a8       0x22 C:/ST/STM32CubeIDE_1.15.0/STM32CubeIDE/plugins/com.st.stm32cube.ide.mcu.externaltools.gnu-tools-for-stm32.12.3.rel1.win32_1.0.100.202403111256/tools/bin/../lib/gcc/arm-none-eabi/12.3.1/../../../../arm-none-eabi/lib/thumb/v7e-m+fp/hard\libc_nano.a(libc_a-nano-vfprintf_i.o)
                0x1000b1cc                        . = ALIGN (0x4)
 *fill*         0x1000b1ca        0x2 

.ARM.extab      0x1000b1cc        0x0
                0x1000b1cc                        . = ALIGN (0x4)
 *(.ARM.extab* .gnu.linkonce.armextab.*)
                0x1000b1cc                        . = ALIGN (0x4)

.ARM            0x1000b1cc        0x8
                0x1000b1cc                        . = ALIGN (0x4)
                0x1000b1cc                        __exidx_start = .
 *(.ARM.exidx*)
 .ARM.exidx     0x1000b1cc        0x8 C:/ST/STM32CubeIDE_1.15.0/STM32CubeIDE/plugins/com.st.stm32cube.ide.mcu.externaltools.gnu-tools-for-stm32.12.3.rel1.win32_1.0.100.202403111256/tools/bin/../lib/gcc/arm-none-eabi/12.3.1/../../../../arm-none-eabi/lib/thumb/v7e-m+fp/hard\libc_nano.a(libc_a-strcmp.o)
 .ARM.exidx     0x1000b1d4        0x0 C:/ST/STM32CubeIDE_1.15.0/STM32CubeIDE/plugins/com.st.stm32cube.ide.mcu.externaltools.gnu-tools-for-stm32.12.3.rel1.win32_1.0.100.202403111256/tools/bin/../lib/gcc/arm-none-eabi/12.3.1/../../../../arm-none-eabi/lib/thumb/v7e-m+fp/hard\libc_nano.a(libc_a-memchr.o)
                                  0x8 (size before relaxing)
                0x1000b1d4                        __exidx_end = .
                0x1000b1d4                        . = ALIGN (0x4)

.preinit_array  0x1000b1d4        0x0
                0x1000b1d4                        . = ALIGN (0x4)
                0x1000b1d4                        PROVIDE (__preinit_array_start = .)
 *(.preinit_array*)
                0x1000b1d4                        PROVIDE (__preinit_array_end = .)
                0x1000b1d4                        . = ALIGN (0x4)

.init_array     0x1000b1d4        0x4
                0x1000b1d4                        . = ALIGN (0x4)
                0x1000b1d4                        PROVIDE (__init_array_start = .)
 *(SORT_BY_NAME(.init_array.*))
 *(.init_array*)
 .init_array    0x1000b1d4        0x4 C:/ST/STM32CubeIDE_1.15.0/STM32CubeIDE/plugins/com.st.stm32cube.ide.mcu.externaltools.gnu-tools-for-stm32.12.3.rel1.win32_1.0.100.202403111256/tools/bin/../lib/gcc/arm-none-eabi/12.3.1/thumb/v7e-m+fp/hard/crtbegin.o
                0x1000b1d8                        PROVIDE (__init_array_end = .)
                0x1000b1d8                        . = ALIGN (0x4)

.fini_array     0x1000b1d8        0x4
                0x1000b1d8                        . = ALIGN (0x4)
                [!provide]                        PROVIDE (__fini_array_start = .)
 *(SORT_BY_NAME(.fini_array.*))
 *(.fini_array*)
 .fini_array    0x1000b1d8        0x4 C:/ST/STM32CubeIDE_1.15.0/STM32CubeIDE/plugins/com.st.stm32cube.ide.mcu.externaltools.gnu-tools-for-stm32.12.3.rel1.win32_1.0.100.202403111256/tools/bin/../lib/gcc/arm-none-eabi/12.3.1/thumb/v7e-m+fp/hard/crtbegin.o
                [!provide]                        PROVIDE (__fini_array_end = .)
                0x1000b1dc                        . = ALIGN (0x4)
                0x1000b1dc                        __DATA_ROM = .
                0x1000b1dc                        _sidata = LOADADDR (.data)

.data           0x10020000      0x124 load address 0x1000b1dc
                0x10020000                        . = ALIGN (0x4)
                0x10020000                        _sdata = .
 *(.data)
 *(.data*)
 .data.SystemCoreClock
                0x10020000        0x4 ./Common/System/system_stm32mp1xx.o
                0x10020000                SystemCoreClock
 .data.uwTickPrio
                0x10020004        0x4 ./Drivers/STM32MP1xx_HAL_Driver/stm32mp1xx_hal.o
                0x10020004                uwTickPrio
 .data.uwTickFreq
                0x10020008        0x1 ./Drivers/STM32MP1xx_HAL_Driver/stm32mp1xx_hal.o
                0x10020008                uwTickFreq
 *fill*         0x10020009        0x3 
 .data.uxCriticalNesting
                0x1002000c        0x4 ./Middlewares/Third_Party/FreeRTOS/port.o
 .data.metal_generic_bus
                0x10020010       0x2c ./Middlewares/Third_Party/OpenAMP/device.o
                0x10020010                metal_generic_bus
 .data.shm_device
                0x1002003c       0x8c ./OPENAMP/openamp.o
                0x1002003c                shm_device
 .data.__sglue  0x100200c8        0xc C:/ST/STM32CubeIDE_1.15.0/STM32CubeIDE/plugins/com.st.stm32cube.ide.mcu.externaltools.gnu-tools-for-stm32.12.3.rel1.win32_1.0.100.202403111256/tools/bin/../lib/gcc/arm-none-eabi/12.3.1/../../../../arm-none-eabi/lib/thumb/v7e-m+fp/hard\libc_nano.a(libc_a-findfp.o)
                0x100200c8                __sglue
 .data._impure_ptr
                0x100200d4        0x4 C:/ST/STM32CubeIDE_1.15.0/STM32CubeIDE/plugins/com.st.stm32cube.ide.mcu.externaltools.gnu-tools-for-stm32.12.3.rel1.win32_1.0.100.202403111256/tools/bin/../lib/gcc/arm-none-eabi/12.3.1/../../../../arm-none-eabi/lib/thumb/v7e-m+fp/hard\libc_nano.a(libc_a-impure.o)
                0x100200d4                _impure_ptr
 .data._impure_data
                0x100200d8       0x4c C:/ST/STM32CubeIDE_1.15.0/STM32CubeIDE/plugins/com.st.stm32cube.ide.mcu.externaltools.gnu-tools-for-stm32.12.3.rel1.win32_1.0.100.202403111256/tools/bin/../lib/gcc/arm-none-eabi/12.3.1/../../../../arm-none-eabi/lib/thumb/v7e-m+fp/hard\libc_nano.a(libc_a-impure.o)
                0x100200d8                _impure_data
                0x10020124                        . = ALIGN (0x4)
                0x10020124                        _edata = .
                0x1000b300                        __DATA_END = (__DATA_ROM + (_edata - _sdata))
                0x10020000                        text_end = (ORIGIN (SRAM1_text) + LENGTH (SRAM1_text))
                0x00000001                        ASSERT ((__DATA_END <= text_end), region SRAM1_text overflowed with text and data)

.igot.plt       0x10020124        0x0 load address 0x1000b300
 .igot.plt      0x10020124        0x0 C:/ST/STM32CubeIDE_1.15.0/STM32CubeIDE/plugins/com.st.stm32cube.ide.mcu.externaltools.gnu-tools-for-stm32.12.3.rel1.win32_1.0.100.202403111256/tools/bin/../lib/gcc/arm-none-eabi/12.3.1/thumb/v7e-m+fp/hard/crtbegin.o

.resource_table
                0x10020124       0x8c load address 0x1000b300
                0x10020124                        . = ALIGN (0x4)
 *(.resource_table*)
 .resource_table
                0x10020124       0x8c ./OPENAMP/rsc_table.o
                0x10020124                resource_table
                0x100201b0                        . = ALIGN (0x4)

.rel.dyn        0x100201b0        0x0 load address 0x1000b38c
 .rel.iplt      0x100201b0        0x0 C:/ST/STM32CubeIDE_1.15.0/STM32CubeIDE/plugins/com.st.stm32cube.ide.mcu.externaltools.gnu-tools-for-stm32.12.3.rel1.win32_1.0.100.202403111256/tools/bin/../lib/gcc/arm-none-eabi/12.3.1/thumb/v7e-m+fp/hard/crtbegin.o
                0x100201b0                        . = ALIGN (0x4)

.bss            0x100201b0     0x1bcc load address 0x1000b38c
                0x100201b0                        _sbss = .
                0x100201b0                        __bss_start__ = _sbss
 *(.bss)
 .bss           0x100201b0       0x1c C:/ST/STM32CubeIDE_1.15.0/STM32CubeIDE/plugins/com.st.stm32cube.ide.mcu.externaltools.gnu-tools-for-stm32.12.3.rel1.win32_1.0.100.202403111256/tools/bin/../lib/gcc/arm-none-eabi/12.3.1/thumb/v7e-m+fp/hard/crtbegin.o
 *(.bss*)
 .bss.hipcc     0x100201cc       0x3c ./Core/Src/main.o
                0x100201cc                hipcc
 .bss.Task1Handle
                0x10020208        0x4 ./Core/Src/main.o
                0x10020208                Task1Handle
 .bss.Task02Handle
                0x1002020c        0x4 ./Core/Src/main.o
                0x1002020c                Task02Handle
 .bss.__sbrk_heap_end
                0x10020210        0x4 ./Core/Src/sysmem.o
 .bss.uwTick    0x10020214        0x4 ./Drivers/STM32MP1xx_HAL_Driver/stm32mp1xx_hal.o
                0x10020214                uwTick
 .bss.KernelState
                0x10020218        0x4 ./Middlewares/Third_Party/FreeRTOS/cmsis_os2.o
 .bss.Idle_TCB  0x1002021c       0x5c ./Middlewares/Third_Party/FreeRTOS/cmsis_os2.o
 .bss.Idle_Stack
                0x10020278      0x200 ./Middlewares/Third_Party/FreeRTOS/cmsis_os2.o
 .bss.Timer_TCB
                0x10020478       0x5c ./Middlewares/Third_Party/FreeRTOS/cmsis_os2.o
 .bss.Timer_Stack
                0x100204d4      0x400 ./Middlewares/Third_Party/FreeRTOS/cmsis_os2.o
 .bss.ucHeap    0x100208d4      0xc00 ./Middlewares/Third_Party/FreeRTOS/heap_4.o
 .bss.xStart    0x100214d4        0x8 ./Middlewares/Third_Party/FreeRTOS/heap_4.o
 .bss.pxEnd     0x100214dc        0x4 ./Middlewares/Third_Party/FreeRTOS/heap_4.o
 .bss.xFreeBytesRemaining
                0x100214e0        0x4 ./Middlewares/Third_Party/FreeRTOS/heap_4.o
 .bss.xMinimumEverFreeBytesRemaining
                0x100214e4        0x4 ./Middlewares/Third_Party/FreeRTOS/heap_4.o
 .bss.xBlockAllocatedBit
                0x100214e8        0x4 ./Middlewares/Third_Party/FreeRTOS/heap_4.o
 .bss.ucMaxSysCallPriority
                0x100214ec        0x1 ./Middlewares/Third_Party/FreeRTOS/port.o
 *fill*         0x100214ed        0x3 
 .bss.ulMaxPRIGROUPValue
                0x100214f0        0x4 ./Middlewares/Third_Party/FreeRTOS/port.o
 .bss.xQueueRegistry
                0x100214f4       0x40 ./Middlewares/Third_Party/FreeRTOS/queue.o
                0x100214f4                xQueueRegistry
 .bss.pxCurrentTCB
                0x10021534        0x4 ./Middlewares/Third_Party/FreeRTOS/tasks.o
                0x10021534                pxCurrentTCB
 .bss.pxReadyTasksLists
                0x10021538      0x460 ./Middlewares/Third_Party/FreeRTOS/tasks.o
 .bss.xDelayedTaskList1
                0x10021998       0x14 ./Middlewares/Third_Party/FreeRTOS/tasks.o
 .bss.xDelayedTaskList2
                0x100219ac       0x14 ./Middlewares/Third_Party/FreeRTOS/tasks.o
 .bss.pxDelayedTaskList
                0x100219c0        0x4 ./Middlewares/Third_Party/FreeRTOS/tasks.o
 .bss.pxOverflowDelayedTaskList
                0x100219c4        0x4 ./Middlewares/Third_Party/FreeRTOS/tasks.o
 .bss.xPendingReadyList
                0x100219c8       0x14 ./Middlewares/Third_Party/FreeRTOS/tasks.o
 .bss.xTasksWaitingTermination
                0x100219dc       0x14 ./Middlewares/Third_Party/FreeRTOS/tasks.o
 .bss.uxDeletedTasksWaitingCleanUp
                0x100219f0        0x4 ./Middlewares/Third_Party/FreeRTOS/tasks.o
 .bss.xSuspendedTaskList
                0x100219f4       0x14 ./Middlewares/Third_Party/FreeRTOS/tasks.o
 .bss.uxCurrentNumberOfTasks
                0x10021a08        0x4 ./Middlewares/Third_Party/FreeRTOS/tasks.o
 .bss.xTickCount
                0x10021a0c        0x4 ./Middlewares/Third_Party/FreeRTOS/tasks.o
 .bss.uxTopReadyPriority
                0x10021a10        0x4 ./Middlewares/Third_Party/FreeRTOS/tasks.o
 .bss.xSchedulerRunning
                0x10021a14        0x4 ./Middlewares/Third_Party/FreeRTOS/tasks.o
 .bss.uxPendedTicks
                0x10021a18        0x4 ./Middlewares/Third_Party/FreeRTOS/tasks.o
 .bss.xYieldPending
                0x10021a1c        0x4 ./Middlewares/Third_Party/FreeRTOS/tasks.o
 .bss.xNumOfOverflows
                0x10021a20        0x4 ./Middlewares/Third_Party/FreeRTOS/tasks.o
 .bss.uxTaskNumber
                0x10021a24        0x4 ./Middlewares/Third_Party/FreeRTOS/tasks.o
 .bss.xNextTaskUnblockTime
                0x10021a28        0x4 ./Middlewares/Third_Party/FreeRTOS/tasks.o
 .bss.xIdleTaskHandle
                0x10021a2c        0x4 ./Middlewares/Third_Party/FreeRTOS/tasks.o
 .bss.uxSchedulerSuspended
                0x10021a30        0x4 ./Middlewares/Third_Party/FreeRTOS/tasks.o
 .bss.xActiveTimerList1
                0x10021a34       0x14 ./Middlewares/Third_Party/FreeRTOS/timers.o
 .bss.xActiveTimerList2
                0x10021a48       0x14 ./Middlewares/Third_Party/FreeRTOS/timers.o
 .bss.pxCurrentTimerList
                0x10021a5c        0x4 ./Middlewares/Third_Party/FreeRTOS/timers.o
 .bss.pxOverflowTimerList
                0x10021a60        0x4 ./Middlewares/Third_Party/FreeRTOS/timers.o
 .bss.xTimerQueue
                0x10021a64        0x4 ./Middlewares/Third_Party/FreeRTOS/timers.o
 .bss.xTimerTaskHandle
                0x10021a68        0x4 ./Middlewares/Third_Party/FreeRTOS/timers.o
 .bss.xLastTime.2
                0x10021a6c        0x4 ./Middlewares/Third_Party/FreeRTOS/timers.o
 .bss.ucStaticTimerQueueStorage.1
                0x10021a70       0xa0 ./Middlewares/Third_Party/FreeRTOS/timers.o
 .bss.xStaticTimerQueue.0
                0x10021b10       0x50 ./Middlewares/Third_Party/FreeRTOS/timers.o
 .bss._metal    0x10021b60       0x20 ./Middlewares/Third_Party/OpenAMP/freertos_init.o
                0x10021b60                _metal
 .bss.msg_received_ch1
                0x10021b80        0x4 ./OPENAMP/mbox_ipcc.o
                0x10021b80                msg_received_ch1
 .bss.msg_received_ch2
                0x10021b84        0x4 ./OPENAMP/mbox_ipcc.o
                0x10021b84                msg_received_ch2
 .bss.shm_io    0x10021b88        0x4 ./OPENAMP/openamp.o
 .bss.rsc_io    0x10021b8c        0x4 ./OPENAMP/openamp.o
 .bss.rsc_table
                0x10021b90        0x4 ./OPENAMP/openamp.o
 .bss.shpool    0x10021b94        0xc ./OPENAMP/openamp.o
 .bss.rvdev     0x10021ba0       0x8c ./OPENAMP/openamp.o
 .bss.shm_physmap
                0x10021c2c        0x4 ./OPENAMP/openamp.o
 .bss.__sf      0x10021c30      0x138 C:/ST/STM32CubeIDE_1.15.0/STM32CubeIDE/plugins/com.st.stm32cube.ide.mcu.externaltools.gnu-tools-for-stm32.12.3.rel1.win32_1.0.100.202403111256/tools/bin/../lib/gcc/arm-none-eabi/12.3.1/../../../../arm-none-eabi/lib/thumb/v7e-m+fp/hard\libc_nano.a(libc_a-findfp.o)
                0x10021c30                __sf
 .bss.__stdio_exit_handler